Component: ARM Compiler 6.13.1 Tool: armlink [5d895400]

==============================================================================

Section Cross References

    startup_stm32f407xx.o(STACK) refers (Special) to heapauxi.o(.text) for __use_two_region_memory
    startup_stm32f407xx.o(HEAP) refers (Special) to heapauxi.o(.text) for __use_two_region_memory
    startup_stm32f407xx.o(RESET) refers (Special) to heapauxi.o(.text) for __use_two_region_memory
    startup_stm32f407xx.o(RESET) refers to startup_stm32f407xx.o(STACK) for __initial_sp
    startup_stm32f407xx.o(RESET) refers to startup_stm32f407xx.o(.text) for Reset_Handler
    startup_stm32f407xx.o(RESET) refers to stm32f4xx_it.o(.text.NMI_Handler) for NMI_Handler
    startup_stm32f407xx.o(RESET) refers to stm32f4xx_it.o(.text.HardFault_Handler) for HardFault_Handler
    startup_stm32f407xx.o(RESET) refers to stm32f4xx_it.o(.text.MemManage_Handler) for MemManage_Handler
    startup_stm32f407xx.o(RESET) refers to stm32f4xx_it.o(.text.BusFault_Handler) for BusFault_Handler
    startup_stm32f407xx.o(RESET) refers to stm32f4xx_it.o(.text.UsageFault_Handler) for UsageFault_Handler
    startup_stm32f407xx.o(RESET) refers to stm32f4xx_it.o(.text.SVC_Handler) for SVC_Handler
    startup_stm32f407xx.o(RESET) refers to stm32f4xx_it.o(.text.DebugMon_Handler) for DebugMon_Handler
    startup_stm32f407xx.o(RESET) refers to stm32f4xx_it.o(.text.PendSV_Handler) for PendSV_Handler
    startup_stm32f407xx.o(RESET) refers to stm32f4xx_it.o(.text.SysTick_Handler) for SysTick_Handler
    startup_stm32f407xx.o(RESET) refers to stm32f4xx_it.o(.text.EXTI4_IRQHandler) for EXTI4_IRQHandler
    startup_stm32f407xx.o(RESET) refers to stm32f4xx_it.o(.text.ADC_IRQHandler) for ADC_IRQHandler
    startup_stm32f407xx.o(RESET) refers to stm32f4xx_it.o(.text.DMA2_Stream0_IRQHandler) for DMA2_Stream0_IRQHandler
    startup_stm32f407xx.o(.text) refers (Special) to heapauxi.o(.text) for __use_two_region_memory
    startup_stm32f407xx.o(.text) refers to system_stm32f4xx.o(.text.SystemInit) for SystemInit
    startup_stm32f407xx.o(.text) refers to __main.o(!!!main) for __main
    startup_stm32f407xx.o(.text) refers to startup_stm32f407xx.o(HEAP) for Heap_Mem
    startup_stm32f407xx.o(.text) refers to startup_stm32f407xx.o(STACK) for Stack_Mem
    main.o(.ARM.exidx.text.arm_max) refers to main.o(.text.arm_max) for [Anonymous Symbol]
    main.o(.text.buffer_cr) refers to transformfunctions.o(.text.arm_rfft_fast_init_f32) for arm_rfft_fast_init_f32
    main.o(.text.buffer_cr) refers to transformfunctions.o(.text.arm_rfft_fast_f32) for arm_rfft_fast_f32
    main.o(.text.buffer_cr) refers to complexmathfunctions.o(.text.arm_cmplx_mag_f32) for arm_cmplx_mag_f32
    main.o(.text.buffer_cr) refers to log10f.o(i.__hardfp_log10f) for __hardfp_log10f
    main.o(.text.buffer_cr) refers to matrixfunctions.o(.text.arm_mat_init_f32) for arm_mat_init_f32
    main.o(.text.buffer_cr) refers to matrixfunctions.o(.text.arm_mat_trans_f32) for arm_mat_trans_f32
    main.o(.text.buffer_cr) refers to main.o(.bss..L_MergedGlobals.1) for [Anonymous Symbol]
    main.o(.text.buffer_cr) refers to main.o(.bss.specP) for specP
    main.o(.text.buffer_cr) refers to main.o(.bss.specPT) for specPT
    main.o(.text.buffer_cr) refers to main.o(.bss.XTest) for XTest
    main.o(.text.buffer_cr) refers to main.o(.bss.x) for x
    main.o(.text.buffer_cr) refers to main.o(.bss.testOutput2) for testOutput2
    main.o(.text.buffer_cr) refers to main.o(.bss.spec) for spec
    main.o(.text.buffer_cr) refers to main.o(.data.fftSize) for fftSize
    main.o(.text.buffer_cr) refers to main.o(.bss.testMag2) for testMag2
    main.o(.ARM.exidx.text.buffer_cr) refers to main.o(.text.buffer_cr) for [Anonymous Symbol]
    main.o(.text.main) refers to stm32f4xx_hal_1.o(.text.HAL_Init) for HAL_Init
    main.o(.text.main) refers to main.o(.text.SystemClock_Config) for SystemClock_Config
    main.o(.text.main) refers to stm32f4xx_hal_gpio_1.o(.text.HAL_GPIO_WritePin) for HAL_GPIO_WritePin
    main.o(.text.main) refers to stm32f4xx_hal_cortex_1.o(.text.HAL_NVIC_SetPriority) for HAL_NVIC_SetPriority
    main.o(.text.main) refers to stm32f4xx_hal_cortex_1.o(.text.HAL_NVIC_EnableIRQ) for HAL_NVIC_EnableIRQ
    main.o(.text.main) refers to stm32f4xx_hal_adc.o(.text.HAL_ADC_Init) for HAL_ADC_Init
    main.o(.text.main) refers to stm32f4xx_hal_adc.o(.text.HAL_ADC_ConfigChannel) for HAL_ADC_ConfigChannel
    main.o(.text.main) refers to stm32f4xx_hal_adc.o(.text.HAL_ADC_Start_DMA) for HAL_ADC_Start_DMA
    main.o(.text.main) refers to stm32f4xx_hal_gpio_1.o(.text.HAL_GPIO_Init) for HAL_GPIO_Init
    main.o(.text.main) refers to main.o(.bss.hadc1) for hadc1
    main.o(.text.main) refers to main.o(.bss.sdata) for sdata
    main.o(.ARM.exidx.text.main) refers to main.o(.text.main) for [Anonymous Symbol]
    main.o(.text.SystemClock_Config) refers to rt_memclr_w.o(.text) for __aeabi_memclr4
[...]
    __arm_cp.4_9                             0x08000be0   Number         4  main.o(.text.HAL_ADC_ConvHalfCpltCallback)
    __arm_cp.4_10                            0x08000be4   Number         4  main.o(.text.HAL_ADC_ConvHalfCpltCallback)
    __arm_cp.4_11                            0x08000be8   Number         4  main.o(.text.HAL_ADC_ConvHalfCpltCallback)
    __arm_cp.4_12                            0x08000bec   Number         4  main.o(.text.HAL_ADC_ConvHalfCpltCallback)
    __arm_cp.4_13                            0x08000bf0   Number         4  main.o(.text.HAL_ADC_ConvHalfCpltCallback)
    __arm_cp.4_14                            0x08000bf4   Number         4  main.o(.text.HAL_ADC_ConvHalfCpltCallback)
    __arm_cp.4_15                            0x08000bf8   Number         4  main.o(.text.HAL_ADC_ConvHalfCpltCallback)
    __arm_cp.4_16                            0x08000bfc   Number         4  main.o(.text.HAL_ADC_ConvHalfCpltCallback)
    __arm_cp.4_17                            0x08000c00   Number         4  main.o(.text.HAL_ADC_ConvHalfCpltCallback)
    __arm_cp.4_18                            0x08000c04   Number         4  main.o(.text.HAL_ADC_ConvHalfCpltCallback)
    __arm_cp.4_19                            0x08000c08   Number         4  main.o(.text.HAL_ADC_ConvHalfCpltCallback)
    __arm_cp.4_20                            0x08000c0c   Number         4  main.o(.text.HAL_ADC_ConvHalfCpltCallback)
    __arm_cp.4_21                            0x08000c10   Number         4  main.o(.text.HAL_ADC_ConvHalfCpltCallback)
    __arm_cp.4_22                            0x08000c14   Number         4  main.o(.text.HAL_ADC_ConvHalfCpltCallback)
    __arm_cp.4_23                            0x08000c18   Number         4  main.o(.text.HAL_ADC_ConvHalfCpltCallback)
    __arm_cp.4_24                            0x08000c1c   Number         4  main.o(.text.HAL_ADC_ConvHalfCpltCallback)
    __arm_cp.4_25                            0x08000c20   Number         4  main.o(.text.HAL_ADC_ConvHalfCpltCallback)
    __arm_cp.4_26                            0x08000c24   Number         4  main.o(.text.HAL_ADC_ConvHalfCpltCallback)
    __arm_cp.4_27                            0x08000c28   Number         4  main.o(.text.HAL_ADC_ConvHalfCpltCallback)
    __arm_cp.4_28                            0x08000c2c   Number         4  main.o(.text.HAL_ADC_ConvHalfCpltCallback)
    [Anonymous Symbol]                       0x08000c30   Section        0  stm32f4xx_hal_adc.o(.text.HAL_ADC_ErrorCallback)
    [Anonymous Symbol]                       0x08000c32   Section        0  stm32f4xx_hal_adc.o(.text.HAL_ADC_IRQHandler)
    [Anonymous Symbol]                       0x08000d6c   Section        0  stm32f4xx_hal_adc.o(.text.HAL_ADC_Init)
    __arm_cp.0_0                             0x08000ea0   Number         4  stm32f4xx_hal_adc.o(.text.HAL_ADC_Init)
    __arm_cp.0_1                             0x08000ea4   Number         4  stm32f4xx_hal_adc.o(.text.HAL_ADC_Init)
    __arm_cp.0_2                             0x08000ea8   Number         4  stm32f4xx_hal_adc.o(.text.HAL_ADC_Init)
    __arm_cp.0_3                             0x08000eac   Number         4  stm32f4xx_hal_adc.o(.text.HAL_ADC_Init)
    [Anonymous Symbol]                       0x08000eb0   Section        0  stm32f4xx_hal_adc.o(.text.HAL_ADC_LevelOutOfWindowCallback)
    [Anonymous Symbol]                       0x08000eb4   Section        0  stm32f4xx_hal_msp.o(.text.HAL_ADC_MspInit)
    __arm_cp.1_1                             0x08000f50   Number         4  stm32f4xx_hal_msp.o(.text.HAL_ADC_MspInit)
    __arm_cp.1_2                             0x08000f54   Number         4  stm32f4xx_hal_msp.o(.text.HAL_ADC_MspInit)
    __arm_cp.1_3                             0x08000f58   Number         4  stm32f4xx_hal_msp.o(.text.HAL_ADC_MspInit)
    [Anonymous Symbol]                       0x08000f5c   Section        0  stm32f4xx_hal_adc.o(.text.HAL_ADC_Start_DMA)
    __arm_cp.14_1                            0x08001060   Number         4  stm32f4xx_hal_adc.o(.text.HAL_ADC_Start_DMA)
    __arm_cp.14_2                            0x08001064   Number         4  stm32f4xx_hal_adc.o(.text.HAL_ADC_Start_DMA)
    __arm_cp.14_3                            0x08001068   Number         4  stm32f4xx_hal_adc.o(.text.HAL_ADC_Start_DMA)
    __arm_cp.14_4                            0x0800106c   Number         4  stm32f4xx_hal_adc.o(.text.HAL_ADC_Start_DMA)
    __arm_cp.14_5                            0x08001070   Number         4  stm32f4xx_hal_adc.o(.text.HAL_ADC_Start_DMA)
    __arm_cp.14_6                            0x08001074   Number         4  stm32f4xx_hal_adc.o(.text.HAL_ADC_Start_DMA)
    __arm_cp.14_7                            0x08001078   Number         4  stm32f4xx_hal_adc.o(.text.HAL_ADC_Start_DMA)
    [Anonymous Symbol]                       0x0800107c   Section        0  stm32f4xx_hal_dma.o(.text.HAL_DMA_IRQHandler)
    __arm_cp.9_0                             0x080011e8   Number         4  stm32f4xx_hal_dma.o(.text.HAL_DMA_IRQHandler)
    [Anonymous Symbol]                       0x080011ec   Section        0  stm32f4xx_hal_dma.o(.text.HAL_DMA_Init)
    __arm_cp.0_0                             0x08001300   Number         4  stm32f4xx_hal_dma.o(.text.HAL_DMA_Init)
    [Anonymous Symbol]                       0x08001304   Section        0  stm32f4xx_hal_dma.o(.text.HAL_DMA_Start_IT)
    [Anonymous Symbol]                       0x08001366   Section        0  stm32f4xx_hal_gpio_1.o(.text.HAL_GPIO_EXTI_Callback)
    [Anonymous Symbol]                       0x08001368   Section        0  stm32f4xx_hal_gpio_1.o(.text.HAL_GPIO_EXTI_IRQHandler)
    __arm_cp.6_0                             0x08001378   Number         4  stm32f4xx_hal_gpio_1.o(.text.HAL_GPIO_EXTI_IRQHandler)
    [Anonymous Symbol]                       0x0800137c   Section        0  stm32f4xx_hal_gpio_1.o(.text.HAL_GPIO_Init)
    __arm_cp.0_0                             0x08001500   Number         4  stm32f4xx_hal_gpio_1.o(.text.HAL_GPIO_Init)
    __arm_cp.0_1                             0x08001504   Number         4  stm32f4xx_hal_gpio_1.o(.text.HAL_GPIO_Init)
    __arm_cp.0_2                             0x08001508   Number         4  stm32f4xx_hal_gpio_1.o(.text.HAL_GPIO_Init)
    __arm_cp.0_3                             0x0800150c   Number         4  stm32f4xx_hal_gpio_1.o(.text.HAL_GPIO_Init)
    __arm_cp.0_4                             0x08001510   Number         4  stm32f4xx_hal_gpio_1.o(.text.HAL_GPIO_Init)
    __arm_cp.0_5                             0x08001514   Number         4  stm32f4xx_hal_gpio_1.o(.text.HAL_GPIO_Init)
    [Anonymous Symbol]                       0x08001518   Section        0  stm32f4xx_hal_gpio_1.o(.text.HAL_GPIO_WritePin)
    [Anonymous Symbol]                       0x08001524   Section        0  stm32f4xx_hal_1.o(.text.HAL_GetTick)
    [Anonymous Symbol]                       0x0800152c   Section        0  stm32f4xx_hal_1.o(.text.HAL_IncTick)
    __arm_cp.5_1                             0x0800153c   Number         4  stm32f4xx_hal_1.o(.text.HAL_IncTick)
    [Anonymous Symbol]                       0x08001540   Section        0  stm32f4xx_hal_1.o(.text.HAL_Init)
    __arm_cp.0_0                             0x08001570   Number         4  stm32f4xx_hal_1.o(.text.HAL_Init)
    [Anonymous Symbol]                       0x08001574   Section        0  stm32f4xx_hal_1.o(.text.HAL_InitTick)
    __arm_cp.1_0                             0x080015ac   Number         4  stm32f4xx_hal_1.o(.text.HAL_InitTick)
    [Anonymous Symbol]                       0x080015b0   Section        0  stm32f4xx_hal_msp.o(.text.HAL_MspInit)
    __arm_cp.0_0                             0x080015e8   Number         4  stm32f4xx_hal_msp.o(.text.HAL_MspInit)
    [Anonymous Symbol]                       0x080015ec   Section        0  stm32f4xx_hal_cortex_1.o(.text.HAL_NVIC_EnableIRQ)
    __arm_cp.3_0                             0x08001604   Number         4  stm32f4xx_hal_cortex_1.o(.text.HAL_NVIC_EnableIRQ)
    [Anonymous Symbol]                       0x08001608   Section        0  stm32f4xx_hal_cortex_1.o(.text.HAL_NVIC_SetPriority)
    [Anonymous Symbol]                       0x08001640   Section        0  stm32f4xx_hal_cortex_1.o(.text.HAL_NVIC_SetPriorityGrouping)
    __arm_cp.0_0                             0x08001658   Number         4  stm32f4xx_hal_cortex_1.o(.text.HAL_NVIC_SetPriorityGrouping)
    __arm_cp.0_1                             0x0800165c   Number         4  stm32f4xx_hal_cortex_1.o(.text.HAL_NVIC_SetPriorityGrouping)
    [Anonymous Symbol]                       0x08001660   Section        0  stm32f4xx_hal_rcc_1.o(.text.HAL_RCC_ClockConfig)
    __arm_cp.2_0                             0x0800177c   Number         4  stm32f4xx_hal_rcc_1.o(.text.HAL_RCC_ClockConfig)
    __arm_cp.2_1                             0x08001780   Number         4  stm32f4xx_hal_rcc_1.o(.text.HAL_RCC_ClockConfig)
    __arm_cp.2_2                             0x08001784   Number         4  stm32f4xx_hal_rcc_1.o(.text.HAL_RCC_ClockConfig)
    __arm_cp.2_3                             0x08001788   Number         4  stm32f4xx_hal_rcc_1.o(.text.HAL_RCC_ClockConfig)
    [Anonymous Symbol]                       0x0800178c   Section        0  stm32f4xx_hal_rcc_1.o(.text.HAL_RCC_GetSysClockFreq)
    __arm_cp.3_0                             0x080017dc   Number         4  stm32f4xx_hal_rcc_1.o(.text.HAL_RCC_GetSysClockFreq)
    __arm_cp.3_1                             0x080017e0   Number         4  stm32f4xx_hal_rcc_1.o(.text.HAL_RCC_GetSysClockFreq)
    __arm_cp.3_2                             0x080017e4   Number         4  stm32f4xx_hal_rcc_1.o(.text.HAL_RCC_GetSysClockFreq)
    [Anonymous Symbol]                       0x080017e8   Section        0  stm32f4xx_hal_rcc_1.o(.text.HAL_RCC_OscConfig)
    __arm_cp.1_0                             0x08001af0   Number         4  stm32f4xx_hal_rcc_1.o(.text.HAL_RCC_OscConfig)
    __arm_cp.1_1                             0x08001af4   Number         4  stm32f4xx_hal_rcc_1.o(.text.HAL_RCC_OscConfig)
    [Anonymous Symbol]                       0x08001af8   Section        0  stm32f4xx_hal_cortex_1.o(.text.HAL_SYSTICK_Config)
    __arm_cp.7_0                             0x08001b18   Number         4  stm32f4xx_hal_cortex_1.o(.text.HAL_SYSTICK_Config)
    __arm_cp.7_1                             0x08001b1c   Number         4  stm32f4xx_hal_cortex_1.o(.text.HAL_SYSTICK_Config)
    [Anonymous Symbol]                       0x08001b20   Section        0  stm32f4xx_it.o(.text.HardFault_Handler)
    [Anonymous Symbol]                       0x08001b22   Section        0  stm32f4xx_it.o(.text.MemManage_Handler)
    [Anonymous Symbol]                       0x08001b24   Section        0  stm32f4xx_it.o(.text.NMI_Handler)
    [Anonymous Symbol]                       0x08001b26   Section        0  stm32f4xx_it.o(.text.PendSV_Handler)
    [Anonymous Symbol]                       0x08001b28   Section        0  stm32f4xx_it.o(.text.SVC_Handler)
    [Anonymous Symbol]                       0x08001b2a   Section        0  stm32f4xx_it.o(.text.SysTick_Handler)
    [Anonymous Symbol]                       0x08001b30   Section        0  main.o(.text.SystemClock_Config)
    __arm_cp.3_0                             0x08001bb0   Number         4  main.o(.text.SystemClock_Config)
    __arm_cp.3_1                             0x08001bb4   Number         4  main.o(.text.SystemClock_Config)
    [Anonymous Symbol]                       0x08001bb8   Section        0  system_stm32f4xx.o(.text.SystemInit)
    __arm_cp.0_0                             0x08001bd0   Number         4  system_stm32f4xx.o(.text.SystemInit)
    [Anonymous Symbol]                       0x08001bd4   Section        0  stm32f4xx_it.o(.text.UsageFault_Handler)
    __NVIC_SetPriority                       0x08001bd9   Thumb Code    36  stm32f4xx_hal_cortex_1.o(.text.__NVIC_SetPriority)
    [Anonymous Symbol]                       0x08001bd8   Section        0  stm32f4xx_hal_cortex_1.o(.text.__NVIC_SetPriority)
    __arm_cp.2_0                             0x08001bf4   Number         4  stm32f4xx_hal_cortex_1.o(.text.__NVIC_SetPriority)
    __arm_cp.2_1                             0x08001bf8   Number         4  stm32f4xx_hal_cortex_1.o(.text.__NVIC_SetPriority)
    [Anonymous Symbol]                       0x08001bfc   Section        0  transformfunctions.o(.text.arm_bitreversal_32)
    [Anonymous Symbol]                       0x08001c30   Section        0  transformfunctions.o(.text.arm_cfft_f32)
    [Anonymous Symbol]                       0x08001cf0   Section        0  transformfunctions.o(.text.arm_cfft_radix8by2_f32)
    [Anonymous Symbol]                       0x08001e78   Section        0  transformfunctions.o(.text.arm_cfft_radix8by4_f32)
    __arm_cp.7_0                             0x08002238   Number         4  transformfunctions.o(.text.arm_cfft_radix8by4_f32)
    [Anonymous Symbol]                       0x0800223c   Section        0  complexmathfunctions.o(.text.arm_cmplx_mag_f32)
    [Anonymous Symbol]                       0x0800228c   Section        0  arm_convolve_hwc_q7_basic_nonsquare.o(.text.arm_convolve_HWC_q7_basic_nonsquare)
    [Anonymous Symbol]                       0x08002422   Section        0  arm_convolve_hwc_q7_fast_nonsquare.o(.text.arm_convolve_HWC_q7_fast_nonsquare)
    [Anonymous Symbol]                       0x08002862   Section        0  arm_fully_connected_q7.o(.text.arm_fully_connected_q7)
    [Anonymous Symbol]                       0x080029d0   Section        0  matrixfunctions.o(.text.arm_mat_init_f32)
    [Anonymous Symbol]                       0x080029d8   Section        0  matrixfunctions.o(.text.arm_mat_trans_f32)
    [Anonymous Symbol]                       0x080029fe   Section        0  main.o(.text.arm_max)
    [Anonymous Symbol]                       0x08002afc   Section        0  arm_nn_mat_mult_kernel_q7_q15.o(.text.arm_nn_mat_mult_kernel_q7_q15)
    [Anonymous Symbol]                       0x08002d28   Section        0  arm_nn_mat_mult_kernel_q7_q15_reordered.o(.text.arm_nn_mat_mult_kernel_q7_q15_reordered)
    [Anonymous Symbol]                       0x08002e76   Section        0  arm_q7_to_q15_no_shift.o(.text.arm_q7_to_q15_no_shift)
    [Anonymous Symbol]                       0x08002eb0   Section        0  arm_q7_to_q15_reordered_no_shift.o(.text.arm_q7_to_q15_reordered_no_shift)
    [Anonymous Symbol]                       0x08002ee4   Section        0  transformfunctions.o(.text.arm_radix8_butterfly_f32)
    __arm_cp.6_1                             0x08002f04   Number         4  transformfunctions.o(.text.arm_radix8_butterfly_f32)
    [Anonymous Symbol]                       0x0800344a   Section        0  arm_relu_q7.o(.text.arm_relu_q7)
    [Anonymous Symbol]                       0x08003488   Section        0  transformfunctions.o(.text.arm_rfft_1024_fast_init_f32)
    __arm_cp.61_0                            0x080034b4   Number         4  transformfunctions.o(.text.arm_rfft_1024_fast_init_f32)
    __arm_cp.61_1                            0x080034b8   Number         4  transformfunctions.o(.text.arm_rfft_1024_fast_init_f32)
    __arm_cp.61_2                            0x080034bc   Number         4  transformfunctions.o(.text.arm_rfft_1024_fast_init_f32)
    [Anonymous Symbol]                       0x080034c0   Section        0  transformfunctions.o(.text.arm_rfft_2048_fast_init_f32)
    __arm_cp.62_0                            0x080034ec   Number         4  transformfunctions.o(.text.arm_rfft_2048_fast_init_f32)
    __arm_cp.62_1                            0x080034f0   Number         4  transformfunctions.o(.text.arm_rfft_2048_fast_init_f32)
    __arm_cp.62_2                            0x080034f4   Number         4  transformfunctions.o(.text.arm_rfft_2048_fast_init_f32)
    [Anonymous Symbol]                       0x080034f8   Section        0  transformfunctions.o(.text.arm_rfft_256_fast_init_f32)
    __arm_cp.59_0                            0x08003520   Number         4  transformfunctions.o(.text.arm_rfft_256_fast_init_f32)
    __arm_cp.59_1                            0x08003524   Number         4  transformfunctions.o(.text.arm_rfft_256_fast_init_f32)
    __arm_cp.59_2                            0x08003528   Number         4  transformfunctions.o(.text.arm_rfft_256_fast_init_f32)
    [Anonymous Symbol]                       0x0800352c   Section        0  transformfunctions.o(.text.arm_rfft_32_fast_init_f32)
    __arm_cp.56_0                            0x08003550   Number         4  transformfunctions.o(.text.arm_rfft_32_fast_init_f32)
    __arm_cp.56_1                            0x08003554   Number         4  transformfunctions.o(.text.arm_rfft_32_fast_init_f32)
    __arm_cp.56_2                            0x08003558   Number         4  transformfunctions.o(.text.arm_rfft_32_fast_init_f32)
    [Anonymous Symbol]                       0x0800355c   Section        0  transformfunctions.o(.text.arm_rfft_4096_fast_init_f32)
    __arm_cp.63_0                            0x08003588   Number         4  transformfunctions.o(.text.arm_rfft_4096_fast_init_f32)
    __arm_cp.63_1                            0x0800358c   Number         4  transformfunctions.o(.text.arm_rfft_4096_fast_init_f32)
    __arm_cp.63_2                            0x08003590   Number         4  transformfunctions.o(.text.arm_rfft_4096_fast_init_f32)
    [Anonymous Symbol]                       0x08003594   Section        0  transformfunctions.o(.text.arm_rfft_512_fast_init_f32)
    __arm_cp.60_0                            0x080035c0   Number         4  transformfunctions.o(.text.arm_rfft_512_fast_init_f32)
    __arm_cp.60_1                            0x080035c4   Number         4  transformfunctions.o(.text.arm_rfft_512_fast_init_f32)
    __arm_cp.60_2                            0x080035c8   Number         4  transformfunctions.o(.text.arm_rfft_512_fast_init_f32)
    [Anonymous Symbol]                       0x080035cc   Section        0  transformfunctions.o(.text.arm_rfft_64_fast_init_f32)
    __arm_cp.57_0                            0x080035f0   Number         4  transformfunctions.o(.text.arm_rfft_64_fast_init_f32)
    __arm_cp.57_1                            0x080035f4   Number         4  transformfunctions.o(.text.arm_rfft_64_fast_init_f32)
    __arm_cp.57_2                            0x080035f8   Number         4  transformfunctions.o(.text.arm_rfft_64_fast_init_f32)
    [Anonymous Symbol]                       0x080035fc   Section        0  transformfunctions.o(.text.arm_rfft_fast_f32)
    [Anonymous Symbol]                       0x08003644   Section        0  transformfunctions.o(.text.arm_rfft_fast_init_f32)
    __arm_cp.64_0                            0x0800368c   Number         4  transformfunctions.o(.text.arm_rfft_fast_init_f32)
    __arm_cp.64_1                            0x08003690   Number         4  transformfunctions.o(.text.arm_rfft_fast_init_f32)
    __arm_cp.64_2                            0x08003694   Number         4  transformfunctions.o(.text.arm_rfft_fast_init_f32)
    __arm_cp.64_3                            0x08003698   Number         4  transformfunctions.o(.text.arm_rfft_fast_init_f32)
    __arm_cp.64_4                            0x0800369c   Number         4  transformfunctions.o(.text.arm_rfft_fast_init_f32)
    __arm_cp.64_5                            0x080036a0   Number         4  transformfunctions.o(.text.arm_rfft_fast_init_f32)
    __arm_cp.64_6                            0x080036a4   Number         4  transformfunctions.o(.text.arm_rfft_fast_init_f32)
    [Anonymous Symbol]                       0x080036a8   Section        0  main.o(.text.buffer_cr)
    __arm_cp.1_0                             0x0800380c   Number         4  main.o(.text.buffer_cr)
    __arm_cp.1_1                             0x08003810   Number         4  main.o(.text.buffer_cr)
    __arm_cp.1_2                             0x08003814   Number         4  main.o(.text.buffer_cr)
    __arm_cp.1_3                             0x08003818   Number         4  main.o(.text.buffer_cr)
    __arm_cp.1_4                             0x0800381c   Number         4  main.o(.text.buffer_cr)
    __arm_cp.1_5                             0x08003820   Number         4  main.o(.text.buffer_cr)
    __arm_cp.1_6                             0x08003824   Number         4  main.o(.text.buffer_cr)
    __arm_cp.1_7                             0x08003828   Number         4  main.o(.text.buffer_cr)
    __arm_cp.1_8                             0x0800382c   Number         4  main.o(.text.buffer_cr)
    [Anonymous Symbol]                       0x08003830   Section        0  main.o(.text.main)
    __arm_cp.2_0                             0x08003958   Number         4  main.o(.text.main)
    __arm_cp.2_1                             0x0800395c   Number         4  main.o(.text.main)
    __arm_cp.2_2                             0x08003960   Number         4  main.o(.text.main)
    __arm_cp.2_3                             0x08003964   Number         4  main.o(.text.main)
    __arm_cp.2_4                             0x08003968   Number         4  main.o(.text.main)
    __arm_cp.2_5                             0x0800396c   Number         4  main.o(.text.main)
    __arm_cp.2_6                             0x08003970   Number         4  main.o(.text.main)
    [Anonymous Symbol]                       0x08003974   Section        0  transformfunctions.o(.text.merge_rfft_f32)
    [Anonymous Symbol]                       0x08003a04   Section        0  transformfunctions.o(.text.stage_rfft_f32)
    i.__hardfp_log10f                        0x08003a9c   Section        0  log10f.o(i.__hardfp_log10f)
    i.__hardfp_roundf                        0x08003c1c   Section        0  roundf.o(i.__hardfp_roundf)
    i.__hardfp_sqrtf                         0x08003cb6   Section        0  sqrtf.o(i.__hardfp_sqrtf)
    i.__mathlib_flt_divzero                  0x08003cf0   Section        0  funder.o(i.__mathlib_flt_divzero)
    i.__mathlib_flt_infnan                   0x08003d04   Section        0  funder.o(i.__mathlib_flt_infnan)
    i.__mathlib_flt_invalid                  0x08003d0c   Section        0  funder.o(i.__mathlib_flt_invalid)
    $v0                                      0x08003d1c   Number         0  fnaninf.o(x$fpl$fnaninf)
    x$fpl$fnaninf                            0x08003d1c   Section      140  fnaninf.o(x$fpl$fnaninf)
    $v0                                      0x08003da8   Number         0  fpinit.o(x$fpl$fpinit)
    x$fpl$fpinit                             0x08003da8   Section       26  fpinit.o(x$fpl$fpinit)
    $v0                                      0x08003dc4   Number         0  frnd.o(x$fpl$frnd)
    x$fpl$frnd                               0x08003dc4   Section       96  frnd.o(x$fpl$frnd)
    logahi                                   0x08003e24   Data          32  log10f.o(.constdata)
    .constdata                               0x08003e24   Section       64  log10f.o(.constdata)
    x$fpl$usenofp                            0x08003e24   Section        0  usenofp.o(x$fpl$usenofp)
    logalo                                   0x08003e44   Data          32  log10f.o(.constdata)
    [Anonymous Symbol]                       0x20000000   Section        0  main.o(.data..L_MergedGlobals)
    [Anonymous Symbol]                       0x2000000c   Section        0  stm32f4xx_hal_1.o(.data..L_MergedGlobals)
    .bss                                     0x20000020   Section       96  libspace.o(.bss)
    [Anonymous Symbol]                       0x20000080   Section        0  main.o(.bss..L_MergedGlobals.1)
    Heap_Mem                                 0x20017d78   Data         512  startup_stm32f407xx.o(HEAP)
    HEAP                                     0x20017d78   Section      512  startup_stm32f407xx.o(HEAP)
    Stack_Mem                                0x20017f78   Data        1024  startup_stm32f407xx.o(STACK)
    STACK                                    0x20017f78   Section     1024  startup_stm32f407xx.o(STACK)
    __initial_sp                             0x20018378   Data           0  startup_stm32f407xx.o(STACK)

    Global Symbols

    Symbol Name                              Value     Ov Type        Size  Object(Section)

    BuildAttributes$$THM_ISAv4$E$P$D$K$B$S$7EM$VFPi3$EXTD16$VFPS$VFMA$PE$A:L22UL41UL21$X:L11$S22US41US21$IEEE1$IW$~IW$USESV6$~STKCKD$USESV7$~SHL$OTIME$ROPI$IEEEX$EBA8$UX$STANDARDLIB$REQ8$PRES8$EABIv2 0x00000000   Number         0  anon$$obj.o ABSOLUTE
    __ARM_exceptions_init                     - Undefined Weak Reference
    __alloca_initialize                       - Undefined Weak Reference
    __arm_preinit_                            - Undefined Weak Reference
    __cpp_initialize__aeabi_                  - Undefined Weak Reference
    __cxa_finalize                            - Undefined Weak Reference
    __rt_locale                               - Undefined Weak Reference
    __sigvec_lookup                           - Undefined Weak Reference
    _atexit_init                              - Undefined Weak Reference
    _call_atexit_fns                          - Undefined Weak Reference
    _clock_init                               - Undefined Weak Reference
    _fp_trap_init                             - Undefined Weak Reference
    _fp_trap_shutdown                         - Undefined Weak Reference
    _get_lc_collate                           - Undefined Weak Reference
    _get_lc_ctype                             - Undefined Weak Reference
    _get_lc_monetary                          - Undefined Weak Reference
    _get_lc_numeric                           - Undefined Weak Reference
    _get_lc_time                              - Undefined Weak Reference
    _getenv_init                              - Undefined Weak Reference
    _handle_redirection                       - Undefined Weak Reference
    _init_alloc                               - Undefined Weak Reference
    _init_user_alloc                          - Undefined Weak Reference
    _initio                                   - Undefined Weak Reference
    _rand_init                                - Undefined Weak Reference
    _signal_finish                            - Undefined Weak Reference
    _signal_init                              - Undefined Weak Reference
    _terminate_alloc                          - Undefined Weak Reference
    _terminate_user_alloc                     - Undefined Weak Reference
    _terminateio                              - Undefined Weak Reference
    __Vectors_Size                           0x00000188   Number         0  startup_stm32f407xx.o ABSOLUTE
    __Vectors                                0x08000000   Data           4  startup_stm32f407xx.o(RESET)
    __Vectors_End                            0x08000188   Data           0  startup_stm32f407xx.o(RESET)
    __main                                   0x08000189   Thumb Code     8  __main.o(!!!main)
    __scatterload                            0x08000191   Thumb Code     0  __scatter.o(!!!scatter)
    __scatterload_rt2                        0x08000191   Thumb Code    44  __scatter.o(!!!scatter)
    __scatterload_rt2_thumb_only             0x08000191   Thumb Code     0  __scatter.o(!!!scatter)
    __scatterload_null                       0x0800019f   Thumb Code     0  __scatter.o(!!!scatter)
    __scatterload_copy                       0x080001c5   Thumb Code    26  __scatter_copy.o(!!handler_copy)
    __scatterload_zeroinit                   0x080001e1   Thumb Code    28  __scatter_zi.o(!!handler_zi)
    __rt_lib_init                            0x080001fd   Thumb Code     0  libinit.o(.ARM.Collect$$libinit$$00000000)
    __rt_lib_init_fp_1                       0x080001ff   Thumb Code     0  libinit2.o(.ARM.Collect$$libinit$$00000001)
    __rt_lib_init_alloca_1                   0x08000203   Thumb Code     0  libinit2.o(.ARM.Collect$$libinit$$0000002E)
    __rt_lib_init_argv_1                     0x08000203   Thumb Code     0  libinit2.o(.ARM.Collect$$libinit$$0000002C)
    __rt_lib_init_atexit_1                   0x08000203   Thumb Code     0  libinit2.o(.ARM.Collect$$libinit$$0000001B)
    __rt_lib_init_clock_1                    0x08000203   Thumb Code     0  libinit2.o(.ARM.Collect$$libinit$$00000021)
    __rt_lib_init_cpp_1                      0x08000203   Thumb Code     0  libinit2.o(.ARM.Collect$$libinit$$00000032)
    __rt_lib_init_exceptions_1               0x08000203   Thumb Code     0  libinit2.o(.ARM.Collect$$libinit$$00000030)
    __rt_lib_init_fp_trap_1                  0x08000203   Thumb Code     0  libinit2.o(.ARM.Collect$$libinit$$0000001F)
    __rt_lib_init_getenv_1                   0x08000203   Thumb Code     0  libinit2.o(.ARM.Collect$$libinit$$00000023)
    __rt_lib_init_heap_1                     0x08000203   Thumb Code     0  libinit2.o(.ARM.Collect$$libinit$$0000000A)
    __rt_lib_init_lc_collate_1               0x08000203   Thumb Code     0  libinit2.o(.ARM.Collect$$libinit$$00000011)
    __rt_lib_init_lc_ctype_1                 0x08000203   Thumb Code     0  libinit2.o(.ARM.Collect$$libinit$$00000013)
    __rt_lib_init_lc_monetary_1              0x08000203   Thumb Code     0  libinit2.o(.ARM.Collect$$libinit$$00000015)
    __rt_lib_init_lc_numeric_1               0x08000203   Thumb Code     0  libinit2.o(.ARM.Collect$$libinit$$00000017)
    __rt_lib_init_lc_time_1                  0x08000203   Thumb Code     0  libinit2.o(.ARM.Collect$$libinit$$00000019)
    __rt_lib_init_preinit_1                  0x08000203   Thumb Code     0  libinit2.o(.ARM.Collect$$libinit$$00000004)
    __rt_lib_init_rand_1                     0x08000203   Thumb Code     0  libinit2.o(.ARM.Collect$$libinit$$0000000E)
    __rt_lib_init_return                     0x08000203   Thumb Code     0  libinit2.o(.ARM.Collect$$libinit$$00000033)
    __rt_lib_init_signal_1                   0x08000203   Thumb Code     0  libinit2.o(.ARM.Collect$$libinit$$0000001D)
    __rt_lib_init_stdio_1                    0x08000203   Thumb Code     0  libinit2.o(.ARM.Collect$$libinit$$00000025)
    __rt_lib_init_user_alloc_1               0x08000203   Thumb Code     0  libinit2.o(.ARM.Collect$$libinit$$0000000C)
    __rt_lib_shutdown                        0x08000205   Thumb Code     0  libshutdown.o(.ARM.Collect$$libshutdown$$00000000)
    __rt_lib_shutdown_cpp_1                  0x08000207   Thumb Code     0  libshutdown2.o(.ARM.Collect$$libshutdown$$00000002)
    __rt_lib_shutdown_fp_trap_1              0x08000207   Thumb Code     0  libshutdown2.o(.ARM.Collect$$libshutdown$$00000007)
    __rt_lib_shutdown_heap_1                 0x08000207   Thumb Code     0  libshutdown2.o(.ARM.Collect$$libshutdown$$0000000F)
    __rt_lib_shutdown_return                 0x08000207   Thumb Code     0  libshutdown2.o(.ARM.Collect$$libshutdown$$00000010)
    __rt_lib_shutdown_signal_1               0x08000207   Thumb Code     0  libshutdown2.o(.ARM.Collect$$libshutdown$$0000000A)
    __rt_lib_shutdown_stdio_1                0x08000207   Thumb Code     0  libshutdown2.o(.ARM.Collect$$libshutdown$$00000004)
    __rt_lib_shutdown_user_alloc_1           0x08000207   Thumb Code     0  libshutdown2.o(.ARM.Collect$$libshutdown$$0000000C)
    __rt_entry                               0x08000209   Thumb Code     0  __rtentry.o(.ARM.Collect$$rtentry$$00000000)
    __rt_entry_presh_1                       0x08000209   Thumb Code     0  __rtentry2.o(.ARM.Collect$$rtentry$$00000002)
    __rt_entry_sh                            0x08000209   Thumb Code     0  __rtentry4.o(.ARM.Collect$$rtentry$$00000004)
    __rt_entry_li                            0x0800020f   Thumb Code     0  __rtentry2.o(.ARM.Collect$$rtentry$$0000000A)
    __rt_entry_postsh_1                      0x0800020f   Thumb Code     0  __rtentry2.o(.ARM.Collect$$rtentry$$00000009)
    __rt_entry_main                          0x08000213   Thumb Code     0  __rtentry2.o(.ARM.Collect$$rtentry$$0000000D)
    __rt_entry_postli_1                      0x08000213   Thumb Code     0  __rtentry2.o(.ARM.Collect$$rtentry$$0000000C)
    __rt_exit                                0x0800021b   Thumb Code     0  rtexit.o(.ARM.Collect$$rtexit$$00000000)
    __rt_exit_ls                             0x0800021d   Thumb Code     0  rtexit2.o(.ARM.Collect$$rtexit$$00000003)
    __rt_exit_prels_1                        0x0800021d   Thumb Code     0  rtexit2.o(.ARM.Collect$$rtexit$$00000002)
    __rt_exit_exit                           0x08000221   Thumb Code     0  rtexit2.o(.ARM.Collect$$rtexit$$00000004)
    Reset_Handler                            0x08000229   Thumb Code     8  startup_stm32f407xx.o(.text)
    CAN1_RX0_IRQHandler                      0x08000243   Thumb Code     0  startup_stm32f407xx.o(.text)
    CAN1_RX1_IRQHandler                      0x08000243   Thumb Code     0  startup_stm32f407xx.o(.text)
    CAN1_SCE_IRQHandler                      0x08000243   Thumb Code     0  startup_stm32f407xx.o(.text)
    CAN1_TX_IRQHandler                       0x08000243   Thumb Code     0  startup_stm32f407xx.o(.text)
    CAN2_RX0_IRQHandler                      0x08000243   Thumb Code     0  startup_stm32f407xx.o(.text)
    CAN2_RX1_IRQHandler                      0x08000243   Thumb Code     0  startup_stm32f407xx.o(.text)
    CAN2_SCE_IRQHandler                      0x08000243   Thumb Code     0  startup_stm32f407xx.o(.text)
    CAN2_TX_IRQHandler                       0x08000243   Thumb Code     0  startup_stm32f407xx.o(.text)
    DCMI_IRQHandler                          0x08000243   Thumb Code     0  startup_stm32f407xx.o(.text)
    DMA1_Stream0_IRQHandler                  0x08000243   Thumb Code     0  startup_stm32f407xx.o(.text)
    DMA1_Stream1_IRQHandler                  0x08000243   Thumb Code     0  startup_stm32f407xx.o(.text)
    DMA1_Stream2_IRQHandler                  0x08000243   Thumb Code     0  startup_stm32f407xx.o(.text)
    DMA1_Stream3_IRQHandler                  0x08000243   Thumb Code     0  startup_stm32f407xx.o(.text)
    DMA1_Stream4_IRQHandler                  0x08000243   Thumb Code     0  startup_stm32f407xx.o(.text)
    DMA1_Stream5_IRQHandler                  0x08000243   Thumb Code     0  startup_stm32f407xx.o(.text)
    DMA1_Stream6_IRQHandler                  0x08000243   Thumb Code     0  startup_stm32f407xx.o(.text)
    DMA1_Stream7_IRQHandler                  0x08000243   Thumb Code     0  startup_stm32f407xx.o(.text)
    DMA2_Stream1_IRQHandler                  0x08000243   Thumb Code     0  startup_stm32f407xx.o(.text)
    DMA2_Stream2_IRQHandler                  0x08000243   Thumb Code     0  startup_stm32f407xx.o(.text)
    DMA2_Stream3_IRQHandler                  0x08000243   Thumb Code     0  startup_stm32f407xx.o(.text)
    DMA2_Stream4_IRQHandler                  0x08000243   Thumb Code     0  startup_stm32f407xx.o(.text)
    DMA2_Stream5_IRQHandler                  0x08000243   Thumb Code     0  startup_stm32f407xx.o(.text)
    DMA2_Stream6_IRQHandler                  0x08000243   Thumb Code     0  startup_stm32f407xx.o(.text)
    DMA2_Stream7_IRQHandler                  0x08000243   Thumb Code     0  startup_stm32f407xx.o(.text)
    ETH_IRQHandler                           0x08000243   Thumb Code     0  startup_stm32f407xx.o(.text)
    ETH_WKUP_IRQHandler                      0x08000243   Thumb Code     0  startup_stm32f407xx.o(.text)
    EXTI0_IRQHandler                         0x08000243   Thumb Code     0  startup_stm32f407xx.o(.text)
    EXTI15_10_IRQHandler                     0x08000243   Thumb Code     0  startup_stm32f407xx.o(.text)
    EXTI1_IRQHandler                         0x08000243   Thumb Code     0  startup_stm32f407xx.o(.text)
    EXTI2_IRQHandler                         0x08000243   Thumb Code     0  startup_stm32f407xx.o(.text)
    EXTI3_IRQHandler                         0x08000243   Thumb Code     0  startup_stm32f407xx.o(.text)
    EXTI9_5_IRQHandler                       0x08000243   Thumb Code     0  startup_stm32f407xx.o(.text)
    FLASH_IRQHandler                         0x08000243   Thumb Code     0  startup_stm32f407xx.o(.text)
    FMC_IRQHandler                           0x08000243   Thumb Code     0  startup_stm32f407xx.o(.text)
    FPU_IRQHandler                           0x08000243   Thumb Code     0  startup_stm32f407xx.o(.text)
    HASH_RNG_IRQHandler                      0x08000243   Thumb Code     0  startup_stm32f407xx.o(.text)
    I2C1_ER_IRQHandler                       0x08000243   Thumb Code     0  startup_stm32f407xx.o(.text)
    I2C1_EV_IRQHandler                       0x08000243   Thumb Code     0  startup_stm32f407xx.o(.text)
    I2C2_ER_IRQHandler                       0x08000243   Thumb Code     0  startup_stm32f407xx.o(.text)
    I2C2_EV_IRQHandler                       0x08000243   Thumb Code     0  startup_stm32f407xx.o(.text)
    I2C3_ER_IRQHandler                       0x08000243   Thumb Code     0  startup_stm32f407xx.o(.text)
    I2C3_EV_IRQHandler                       0x08000243   Thumb Code     0  startup_stm32f407xx.o(.text)
    OTG_FS_IRQHandler                        0x08000243   Thumb Code     0  startup_stm32f407xx.o(.text)
    OTG_FS_WKUP_IRQHandler                   0x08000243   Thumb Code     0  startup_stm32f407xx.o(.text)
    OTG_HS_EP1_IN_IRQHandler                 0x08000243   Thumb Code     0  startup_stm32f407xx.o(.text)
    OTG_HS_EP1_OUT_IRQHandler                0x08000243   Thumb Code     0  startup_stm32f407xx.o(.text)
    OTG_HS_IRQHandler                        0x08000243   Thumb Code     0  startup_stm32f407xx.o(.text)
    OTG_HS_WKUP_IRQHandler                   0x08000243   Thumb Code     0  startup_stm32f407xx.o(.text)
    PVD_IRQHandler                           0x08000243   Thumb Code     0  startup_stm32f407xx.o(.text)
    RCC_IRQHandler                           0x08000243   Thumb Code     0  startup_stm32f407xx.o(.text)
    RTC_Alarm_IRQHandler                     0x08000243   Thumb Code     0  startup_stm32f407xx.o(.text)
    RTC_WKUP_IRQHandler                      0x08000243   Thumb Code     0  startup_stm32f407xx.o(.text)
    SDIO_IRQHandler                          0x08000243   Thumb Code     0  startup_stm32f407xx.o(.text)
    SPI1_IRQHandler                          0x08000243   Thumb Code     0  startup_stm32f407xx.o(.text)
    SPI2_IRQHandler                          0x08000243   Thumb Code     0  startup_stm32f407xx.o(.text)
    SPI3_IRQHandler                          0x08000243   Thumb Code     0  startup_stm32f407xx.o(.text)
    TAMP_STAMP_IRQHandler                    0x08000243   Thumb Code     0  startup_stm32f407xx.o(.text)
    TIM1_BRK_TIM9_IRQHandler                 0x08000243   Thumb Code     0  startup_stm32f407xx.o(.text)
    TIM1_CC_IRQHandler                       0x08000243   Thumb Code     0  startup_stm32f407xx.o(.text)
    TIM1_TRG_COM_TIM11_IRQHandler            0x08000243   Thumb Code     0  startup_stm32f407xx.o(.text)
    TIM1_UP_TIM10_IRQHandler                 0x08000243   Thumb Code     0  startup_stm32f407xx.o(.text)
    TIM2_IRQHandler                          0x08000243   Thumb Code     0  startup_stm32f407xx.o(.text)
    TIM3_IRQHandler                          0x08000243   Thumb Code     0  startup_stm32f407xx.o(.text)
    TIM4_IRQHandler                          0x08000243   Thumb Code     0  startup_stm32f407xx.o(.text)
    TIM5_IRQHandler                          0x08000243   Thumb Code     0  startup_stm32f407xx.o(.text)
    TIM6_DAC_IRQHandler                      0x08000243   Thumb Code     0  startup_stm32f407xx.o(.text)
    TIM7_IRQHandler                          0x08000243   Thumb Code     0  startup_stm32f407xx.o(.text)
    TIM8_BRK_TIM12_IRQHandler                0x08000243   Thumb Code     0  startup_stm32f407xx.o(.text)
    TIM8_CC_IRQHandler                       0x08000243   Thumb Code     0  startup_stm32f407xx.o(.text)
    TIM8_TRG_COM_TIM14_IRQHandler            0x08000243   Thumb Code     0  startup_stm32f407xx.o(.text)
    TIM8_UP_TIM13_IRQHandler                 0x08000243   Thumb Code     0  startup_stm32f407xx.o(.text)
    UART4_IRQHandler                         0x08000243   Thumb Code     0  startup_stm32f407xx.o(.text)
    UART5_IRQHandler                         0x08000243   Thumb Code     0  startup_stm32f407xx.o(.text)
    USART1_IRQHandler                        0x08000243   Thumb Code     0  startup_stm32f407xx.o(.text)
    USART2_IRQHandler                        0x08000243   Thumb Code     0  startup_stm32f407xx.o(.text)
    USART3_IRQHandler                        0x08000243   Thumb Code     0  startup_stm32f407xx.o(.text)
    USART6_IRQHandler                        0x08000243   Thumb Code     0  startup_stm32f407xx.o(.text)
    WWDG_IRQHandler                          0x08000243   Thumb Code     0  startup_stm32f407xx.o(.text)
    __user_initial_stackheap                 0x08000245   Thumb Code     0  startup_stm32f407xx.o(.text)
    __aeabi_uldivmod                         0x08000269   Thumb Code     0  lludivv7m.o(.text)
    _ll_udiv                                 0x08000269   Thumb Code   240  lludivv7m.o(.text)
    __aeabi_memclr                           0x08000359   Thumb Code     0  rt_memclr.o(.text)
    __rt_memclr                              0x08000359   Thumb Code    68  rt_memclr.o(.text)
    _memset                                  0x0800035d   Thumb Code     0  rt_memclr.o(.text)
    __aeabi_memclr4                          0x0800039d   Thumb Code     0  rt_memclr_w.o(.text)
    __aeabi_memclr8                          0x0800039d   Thumb Code     0  rt_memclr_w.o(.text)
    __rt_memclr_w                            0x0800039d   Thumb Code    78  rt_memclr_w.o(.text)
    _memset_w                                0x080003a1   Thumb Code     0  rt_memclr_w.o(.text)
    __use_two_region_memory                  0x080003eb   Thumb Code     2  heapauxi.o(.text)
    __rt_heap_escrow$2region                 0x080003ed   Thumb Code     2  heapauxi.o(.text)
    __rt_heap_expand$2region                 0x080003ef   Thumb Code     2  heapauxi.o(.text)
    __read_errno                             0x080003f1   Thumb Code    10  _rserrno.o(.text)
    __set_errno                              0x080003fb   Thumb Code    12  _rserrno.o(.text)
    __aeabi_errno_addr                       0x08000409   Thumb Code     8  rt_errno_addr_intlibspace.o(.text)
    __errno$intlibspace                      0x08000409   Thumb Code     0  rt_errno_addr_intlibspace.o(.text)
    __rt_errno_addr$intlibspace              0x08000409   Thumb Code     0  rt_errno_addr_intlibspace.o(.text)
    __user_libspace                          0x08000411   Thumb Code     8  libspace.o(.text)
    __user_perproc_libspace                  0x08000411   Thumb Code     0  libspace.o(.text)
    __user_perthread_libspace                0x08000411   Thumb Code     0  libspace.o(.text)
    __user_setup_stackheap                   0x08000419   Thumb Code    74  sys_stackheap_outer.o(.text)
    exit                                     0x08000463   Thumb Code    18  exit.o(.text)
    _sys_exit                                0x08000475   Thumb Code     8  sys_exit.o(.text)
    __I$use$semihosting                      0x08000481   Thumb Code     0  use_no_semi.o(.text)
    __use_no_semihosting_swi                 0x08000481   Thumb Code     2  use_no_semi.o(.text)
    __semihosting_library_function           0x08000483   Thumb Code     0  indicate_semi.o(.text)
    ADC_IRQHandler                           0x08000501   Thumb Code    12  stm32f4xx_it.o(.text.ADC_IRQHandler)
    BusFault_Handler                         0x0800050d   Thumb Code     2  stm32f4xx_it.o(.text.BusFault_Handler)
    DMA2_Stream0_IRQHandler                  0x08000511   Thumb Code    12  stm32f4xx_it.o(.text.DMA2_Stream0_IRQHandler)
    DebugMon_Handler                         0x08000573   Thumb Code     2  stm32f4xx_it.o(.text.DebugMon_Handler)
    EXTI4_IRQHandler                         0x08000575   Thumb Code     6  stm32f4xx_it.o(.text.EXTI4_IRQHandler)
    Error_Handler                            0x0800057b   Thumb Code     2  main.o(.text.Error_Handler)
    HAL_ADCEx_InjectedConvCpltCallback       0x0800057d   Thumb Code     2  stm32f4xx_hal_adc_ex.o(.text.HAL_ADCEx_InjectedConvCpltCallback)
    HAL_ADC_ConfigChannel                    0x08000581   Thumb Code   236  stm32f4xx_hal_adc.o(.text.HAL_ADC_ConfigChannel)
    HAL_ADC_ConvCpltCallback                 0x0800066d   Thumb Code   724  main.o(.text.HAL_ADC_ConvCpltCallback)
    HAL_ADC_ConvHalfCpltCallback             0x08000941   Thumb Code   752  main.o(.text.HAL_ADC_ConvHalfCpltCallback)
    HAL_ADC_ErrorCallback                    0x08000c31   Thumb Code     2  stm32f4xx_hal_adc.o(.text.HAL_ADC_ErrorCallback)
    HAL_ADC_IRQHandler                       0x08000c33   Thumb Code   314  stm32f4xx_hal_adc.o(.text.HAL_ADC_IRQHandler)
    HAL_ADC_Init                             0x08000d6d   Thumb Code   324  stm32f4xx_hal_adc.o(.text.HAL_ADC_Init)
    HAL_ADC_LevelOutOfWindowCallback         0x08000eb1   Thumb Code     2  stm32f4xx_hal_adc.o(.text.HAL_ADC_LevelOutOfWindowCallback)
    HAL_ADC_MspInit                          0x08000eb5   Thumb Code   168  stm32f4xx_hal_msp.o(.text.HAL_ADC_MspInit)
    HAL_ADC_Start_DMA                        0x08000f5d   Thumb Code   288  stm32f4xx_hal_adc.o(.text.HAL_ADC_Start_DMA)
    HAL_DMA_IRQHandler                       0x0800107d   Thumb Code   368  stm32f4xx_hal_dma.o(.text.HAL_DMA_IRQHandler)
    HAL_DMA_Init                             0x080011ed   Thumb Code   280  stm32f4xx_hal_dma.o(.text.HAL_DMA_Init)
    HAL_DMA_Start_IT                         0x08001305   Thumb Code    98  stm32f4xx_hal_dma.o(.text.HAL_DMA_Start_IT)
    HAL_GPIO_EXTI_Callback                   0x08001367   Thumb Code     2  stm32f4xx_hal_gpio_1.o(.text.HAL_GPIO_EXTI_Callback)
    HAL_GPIO_EXTI_IRQHandler                 0x08001369   Thumb Code    20  stm32f4xx_hal_gpio_1.o(.text.HAL_GPIO_EXTI_IRQHandler)
    HAL_GPIO_Init                            0x0800137d   Thumb Code   412  stm32f4xx_hal_gpio_1.o(.text.HAL_GPIO_Init)
    HAL_GPIO_WritePin                        0x08001519   Thumb Code    10  stm32f4xx_hal_gpio_1.o(.text.HAL_GPIO_WritePin)
    HAL_GetTick                              0x08001525   Thumb Code     8  stm32f4xx_hal_1.o(.text.HAL_GetTick)
    HAL_IncTick                              0x0800152d   Thumb Code    20  stm32f4xx_hal_1.o(.text.HAL_IncTick)
    HAL_Init                                 0x08001541   Thumb Code    52  stm32f4xx_hal_1.o(.text.HAL_Init)
    HAL_InitTick                             0x08001575   Thumb Code    60  stm32f4xx_hal_1.o(.text.HAL_InitTick)
    HAL_MspInit                              0x080015b1   Thumb Code    60  stm32f4xx_hal_msp.o(.text.HAL_MspInit)
    HAL_NVIC_EnableIRQ                       0x080015ed   Thumb Code    28  stm32f4xx_hal_cortex_1.o(.text.HAL_NVIC_EnableIRQ)
    HAL_NVIC_SetPriority                     0x08001609   Thumb Code    56  stm32f4xx_hal_cortex_1.o(.text.HAL_NVIC_SetPriority)
    HAL_NVIC_SetPriorityGrouping             0x08001641   Thumb Code    32  stm32f4xx_hal_cortex_1.o(.text.HAL_NVIC_SetPriorityGrouping)
    HAL_RCC_ClockConfig                      0x08001661   Thumb Code   300  stm32f4xx_hal_rcc_1.o(.text.HAL_RCC_ClockConfig)
    HAL_RCC_GetSysClockFreq                  0x0800178d   Thumb Code    92  stm32f4xx_hal_rcc_1.o(.text.HAL_RCC_GetSysClockFreq)
    HAL_RCC_OscConfig                        0x080017e9   Thumb Code   784  stm32f4xx_hal_rcc_1.o(.text.HAL_RCC_OscConfig)
    HAL_SYSTICK_Config                       0x08001af9   Thumb Code    40  stm32f4xx_hal_cortex_1.o(.text.HAL_SYSTICK_Config)
    HardFault_Handler                        0x08001b21   Thumb Code     2  stm32f4xx_it.o(.text.HardFault_Handler)
    MemManage_Handler                        0x08001b23   Thumb Code     2  stm32f4xx_it.o(.text.MemManage_Handler)
    NMI_Handler                              0x08001b25   Thumb Code     2  stm32f4xx_it.o(.text.NMI_Handler)
    PendSV_Handler                           0x08001b27   Thumb Code     2  stm32f4xx_it.o(.text.PendSV_Handler)
    SVC_Handler                              0x08001b29   Thumb Code     2  stm32f4xx_it.o(.text.SVC_Handler)
    SysTick_Handler                          0x08001b2b   Thumb Code     4  stm32f4xx_it.o(.text.SysTick_Handler)
    SystemClock_Config                       0x08001b31   Thumb Code   136  main.o(.text.SystemClock_Config)
    SystemInit                               0x08001bb9   Thumb Code    28  system_stm32f4xx.o(.text.SystemInit)
    UsageFault_Handler                       0x08001bd5   Thumb Code     2  stm32f4xx_it.o(.text.UsageFault_Handler)
    arm_bitreversal_32                       0x08001bfd   Thumb Code    52  transformfunctions.o(.text.arm_bitreversal_32)
    arm_cfft_f32                             0x08001c31   Thumb Code   192  transformfunctions.o(.text.arm_cfft_f32)
    arm_cfft_radix8by2_f32                   0x08001cf1   Thumb Code   390  transformfunctions.o(.text.arm_cfft_radix8by2_f32)
    arm_cfft_radix8by4_f32                   0x08001e79   Thumb Code   964  transformfunctions.o(.text.arm_cfft_radix8by4_f32)
    arm_cmplx_mag_f32                        0x0800223d   Thumb Code    80  complexmathfunctions.o(.text.arm_cmplx_mag_f32)
    arm_convolve_HWC_q7_basic_nonsquare      0x0800228d   Thumb Code   406  arm_convolve_hwc_q7_basic_nonsquare.o(.text.arm_convolve_HWC_q7_basic_nonsquare)
    arm_convolve_HWC_q7_fast_nonsquare       0x08002423   Thumb Code  1088  arm_convolve_hwc_q7_fast_nonsquare.o(.text.arm_convolve_HWC_q7_fast_nonsquare)
    arm_fully_connected_q7                   0x08002863   Thumb Code   366  arm_fully_connected_q7.o(.text.arm_fully_connected_q7)
    arm_mat_init_f32                         0x080029d1   Thumb Code     8  matrixfunctions.o(.text.arm_mat_init_f32)
    arm_mat_trans_f32                        0x080029d9   Thumb Code    38  matrixfunctions.o(.text.arm_mat_trans_f32)
    arm_max                                  0x080029ff   Thumb Code   254  main.o(.text.arm_max)
    arm_nn_mat_mult_kernel_q7_q15            0x08002afd   Thumb Code   556  arm_nn_mat_mult_kernel_q7_q15.o(.text.arm_nn_mat_mult_kernel_q7_q15)
    arm_nn_mat_mult_kernel_q7_q15_reordered  0x08002d29   Thumb Code   334  arm_nn_mat_mult_kernel_q7_q15_reordered.o(.text.arm_nn_mat_mult_kernel_q7_q15_reordered)
    arm_q7_to_q15_no_shift                   0x08002e77   Thumb Code    58  arm_q7_to_q15_no_shift.o(.text.arm_q7_to_q15_no_shift)
    arm_q7_to_q15_reordered_no_shift         0x08002eb1   Thumb Code    50  arm_q7_to_q15_reordered_no_shift.o(.text.arm_q7_to_q15_reordered_no_shift)
    arm_radix8_butterfly_f32                 0x08002ee5   Thumb Code  1382  transformfunctions.o(.text.arm_radix8_butterfly_f32)
    arm_relu_q7                              0x0800344b   Thumb Code    62  arm_relu_q7.o(.text.arm_relu_q7)
    arm_rfft_1024_fast_init_f32              0x08003489   Thumb Code    56  transformfunctions.o(.text.arm_rfft_1024_fast_init_f32)
    arm_rfft_2048_fast_init_f32              0x080034c1   Thumb Code    56  transformfunctions.o(.text.arm_rfft_2048_fast_init_f32)
    arm_rfft_256_fast_init_f32               0x080034f9   Thumb Code    52  transformfunctions.o(.text.arm_rfft_256_fast_init_f32)
    arm_rfft_32_fast_init_f32                0x0800352d   Thumb Code    48  transformfunctions.o(.text.arm_rfft_32_fast_init_f32)
    arm_rfft_4096_fast_init_f32              0x0800355d   Thumb Code    56  transformfunctions.o(.text.arm_rfft_4096_fast_init_f32)
    arm_rfft_512_fast_init_f32               0x08003595   Thumb Code    56  transformfunctions.o(.text.arm_rfft_512_fast_init_f32)
    arm_rfft_64_fast_init_f32                0x080035cd   Thumb Code    48  transformfunctions.o(.text.arm_rfft_64_fast_init_f32)
    arm_rfft_fast_f32                        0x080035fd   Thumb Code    72  transformfunctions.o(.text.arm_rfft_fast_f32)
    arm_rfft_fast_init_f32                   0x08003645   Thumb Code   100  transformfunctions.o(.text.arm_rfft_fast_init_f32)
    buffer_cr                                0x080036a9   Thumb Code   392  main.o(.text.buffer_cr)
    main                                     0x08003831   Thumb Code   324  main.o(.text.main)
    merge_rfft_f32                           0x08003975   Thumb Code   144  transformfunctions.o(.text.merge_rfft_f32)
    stage_rfft_f32                           0x08003a05   Thumb Code   150  transformfunctions.o(.text.stage_rfft_f32)
    __hardfp_log10f                          0x08003a9d   Thumb Code   332  log10f.o(i.__hardfp_log10f)
    __hardfp_roundf                          0x08003c1d   Thumb Code   154  roundf.o(i.__hardfp_roundf)
    __hardfp_sqrtf                           0x08003cb7   Thumb Code    58  sqrtf.o(i.__hardfp_sqrtf)
    __mathlib_flt_divzero                    0x08003cf1   Thumb Code    14  funder.o(i.__mathlib_flt_divzero)
    __mathlib_flt_infnan                     0x08003d05   Thumb Code     6  funder.o(i.__mathlib_flt_infnan)
    __mathlib_flt_invalid                    0x08003d0d   Thumb Code    10  funder.o(i.__mathlib_flt_invalid)
    __fpl_fnaninf                            0x08003d1d   Thumb Code   140  fnaninf.o(x$fpl$fnaninf)
    _fp_init                                 0x08003da9   Thumb Code    26  fpinit.o(x$fpl$fpinit)
    __fplib_config_fpu_vfp                   0x08003dc1   Thumb Code     0  fpinit.o(x$fpl$fpinit)
    __fplib_config_pureend_doubles           0x08003dc1   Thumb Code     0  fpinit.o(x$fpl$fpinit)
    _frnd                                    0x08003dc5   Thumb Code    96  frnd.o(x$fpl$frnd)
    __I$use$fp                               0x08003e24   Number         0  usenofp.o(x$fpl$usenofp)
    AHBPrescTable                            0x08003e64   Data          16  system_stm32f4xx.o(.rodata.AHBPrescTable)
    W_1                                      0x08003e74   Data         108  main.o(.rodata.W_1)
    W_2                                      0x08003ee0   Data        2592  main.o(.rodata.W_2)
    W_3                                      0x08004900   Data       10368  main.o(.rodata.W_3)
    armBitRevIndexTable1024                  0x08007180   Data        3600  commontables.o(.rodata.armBitRevIndexTable1024)
    armBitRevIndexTable128                   0x08007f90   Data         416  commontables.o(.rodata.armBitRevIndexTable128)
    armBitRevIndexTable16                    0x08008130   Data          40  commontables.o(.rodata.armBitRevIndexTable16)
    armBitRevIndexTable2048                  0x08008158   Data        7616  commontables.o(.rodata.armBitRevIndexTable2048)
    armBitRevIndexTable256                   0x08009f18   Data         880  commontables.o(.rodata.armBitRevIndexTable256)
    armBitRevIndexTable32                    0x0800a288   Data          96  commontables.o(.rodata.armBitRevIndexTable32)
    armBitRevIndexTable512                   0x0800a2e8   Data         896  commontables.o(.rodata.armBitRevIndexTable512)
    b_1                                      0x0800a668   Data          12  main.o(.rodata.b_1)
    b_2                                      0x0800a674   Data          24  main.o(.rodata.b_2)
    b_3                                      0x0800a68c   Data          48  main.o(.rodata.b_3)
    bf_1                                     0x0800a6bc   Data          12  main.o(.rodata.bf_1)
    mean                                     0x0800a6c8   Data        4992  main.o(.rodata.mean)
    twiddleCoef_1024                         0x0800ba48   Data        8192  commontables.o(.rodata.twiddleCoef_1024)
    twiddleCoef_128                          0x0800da48   Data        1024  commontables.o(.rodata.twiddleCoef_128)
    twiddleCoef_16                           0x0800de48   Data         128  commontables.o(.rodata.twiddleCoef_16)
    twiddleCoef_2048                         0x0800dec8   Data       16384  commontables.o(.rodata.twiddleCoef_2048)
    twiddleCoef_256                          0x08011ec8   Data        2048  commontables.o(.rodata.twiddleCoef_256)
    twiddleCoef_32                           0x080126c8   Data         256  commontables.o(.rodata.twiddleCoef_32)
    twiddleCoef_512                          0x080127c8   Data        4096  commontables.o(.rodata.twiddleCoef_512)
    twiddleCoef_rfft_1024                    0x080137c8   Data        4096  commontables.o(.rodata.twiddleCoef_rfft_1024)
    twiddleCoef_rfft_2048                    0x080147c8   Data        8192  commontables.o(.rodata.twiddleCoef_rfft_2048)
    twiddleCoef_rfft_256                     0x080167c8   Data        1024  commontables.o(.rodata.twiddleCoef_rfft_256)
    twiddleCoef_rfft_32                      0x08016bc8   Data         128  commontables.o(.rodata.twiddleCoef_rfft_32)
    twiddleCoef_rfft_4096                    0x08016c48   Data       16384  commontables.o(.rodata.twiddleCoef_rfft_4096)
    twiddleCoef_rfft_512                     0x0801ac48   Data        2048  commontables.o(.rodata.twiddleCoef_rfft_512)
    twiddleCoef_rfft_64                      0x0801b448   Data         256  commontables.o(.rodata.twiddleCoef_rfft_64)
    val                                      0x0801b548   Data          12  main.o(.rodata.val)
    wf_1                                     0x0801b554   Data       27648  main.o(.rodata.wf_1)
    Region$$Table$$Base                      0x08022154   Number         0  anon$$obj.o(Region$$Table)
    Region$$Table$$Limit                     0x08022184   Number         0  anon$$obj.o(Region$$Table)
    CONV1_OUT                                0x10000000   Data       14976  main.o(.bss.CONV1_OUT)
    CONV2_MAX_OUT                            0x10003a80   Data        1920  main.o(.bss.CONV2_MAX_OUT)
    CONV3_OUT                                0x10004200   Data        3840  main.o(.bss.CONV3_OUT)
    data                                     0x10005100   Data        1248  main.o(.bss.data)
    hadc1                                    0x100055e0   Data          72  main.o(.bss.hadc1)
    hdma_adc1                                0x10005628   Data          96  main.o(.bss.hdma_adc1)
    specP                                    0x10005688   Data        4992  main.o(.bss.specP)
    specPT                                   0x10006a08   Data        4992  main.o(.bss.specPT)
    testMag2                                 0x10007d88   Data         512  main.o(.bss.testMag2)
    testOutput2                              0x10007f88   Data        1024  main.o(.bss.testOutput2)
    n                                        0x20000000   Data           4  main.o(.data..L_MergedGlobals)
    hop                                      0x20000004   Data           4  main.o(.data..L_MergedGlobals)
    windowsize                               0x20000008   Data           4  main.o(.data..L_MergedGlobals)
    uwTickFreq                               0x2000000c   Data           1  stm32f4xx_hal_1.o(.data..L_MergedGlobals)
    uwTickPrio                               0x20000010   Data           4  stm32f4xx_hal_1.o(.data..L_MergedGlobals)
    SystemCoreClock                          0x20000014   Data           4  system_stm32f4xx.o(.data.SystemCoreClock)
    fftSize                                  0x20000018   Data           4  main.o(.data.fftSize)
    __libspace_start                         0x20000020   Data          96  libspace.o(.bss)
    __temporary_stack_top$libspace           0x20000080   Data           0  libspace.o(.bss)
    status1                                  0x20000080   Data           1  main.o(.bss..L_MergedGlobals.1)
    max_fout                                 0x20000081   Data           1  main.o(.bss..L_MergedGlobals.1)
    detrend                                  0x20000084   Data           4  main.o(.bss..L_MergedGlobals.1)
    i                                        0x20000088   Data           4  main.o(.bss..L_MergedGlobals.1)
    j                                        0x2000008c   Data           4  main.o(.bss..L_MergedGlobals.1)
    m                                        0x20000090   Data           4  main.o(.bss..L_MergedGlobals.1)
    count                                    0x20000094   Data           4  main.o(.bss..L_MergedGlobals.1)
    k                                        0x20000098   Data           4  main.o(.bss..L_MergedGlobals.1)
    p                                        0x2000009c   Data           4  main.o(.bss..L_MergedGlobals.1)
    h                                        0x200000a0   Data           4  main.o(.bss..L_MergedGlobals.1)
    addf                                     0x200000a4   Data           4  main.o(.bss..L_MergedGlobals.1)
    ifftFlag                                 0x200000a8   Data           4  main.o(.bss..L_MergedGlobals.1)
    loc                                      0x200000ac   Data           4  main.o(.bss..L_MergedGlobals.1)
    A                                        0x200000b0   Data           8  main.o(.bss..L_MergedGlobals.1)
    AT                                       0x200000b8   Data           8  main.o(.bss..L_MergedGlobals.1)
    FC1_OUT                                  0x200000c0   Data          12  main.o(.bss..L_MergedGlobals.1)
    S2                                       0x200000cc   Data          24  main.o(.bss..L_MergedGlobals.1)
    CONV1_MAX_OUT                            0x200000e4   Data        3840  main.o(.bss.CONV1_MAX_OUT)
    CONV2_OUT                                0x20000fe4   Data        7680  main.o(.bss.CONV2_OUT)
    CONV3_MAX_OUT                            0x20002de4   Data        2304  main.o(.bss.CONV3_MAX_OUT)
    XTest                                    0x200036e4   Data       32000  main.o(.bss.XTest)
    buffer3                                  0x2000b3e4   Data        4608  main.o(.bss.buffer3)
    col_buffer1                              0x2000c5e4   Data       10000  main.o(.bss.col_buffer1)
    sdata                                    0x2000ecf4   Data       16000  main.o(.bss.sdata)
    spec                                     0x20012b74   Data       19968  main.o(.bss.spec)
    uwTick                                   0x20017974   Data           4  stm32f4xx_hal_1.o(.bss.uwTick)
    x                                        0x20017978   Data        1024  main.o(.bss.x)



==============================================================================

Memory Map of the image

  Image Entry point : 0x08000189

  Load Region LR_IROM1 (Base: 0x08000000, Size: 0x000221a8, Max: 0x00100000, ABSOLUTE)

    Execution Region ER_IROM1 (Exec base: 0x08000000, Load base: 0x08000000, Size: 0x00022184, Max: 0x00100000, ABSOLUTE)

    Exec Addr    Load Addr    Size         Type   Attr      Idx    E Section Name        Object

    0x08000000   0x08000000   0x00000188   Data   RO            3    RESET               startup_stm32f407xx.o
    0x08000188   0x08000188   0x00000008   Code   RO         1843  * !!!main             c_w.l(__main.o)
    0x08000190   0x08000190   0x00000034   Code   RO         2106    !!!scatter          c_w.l(__scatter.o)
    0x080001c4   0x080001c4   0x0000001a   Code   RO         2108    !!handler_copy      c_w.l(__scatter_copy.o)
    0x080001de   0x080001de   0x00000002   PAD
    0x080001e0   0x080001e0   0x0000001c   Code   RO         2110    !!handler_zi        c_w.l(__scatter_zi.o)
    0x080001fc   0x080001fc   0x00000002   Code   RO         1973    .ARM.Collect$$libinit$$00000000  c_w.l(libinit.o)
    0x080001fe   0x080001fe   0x00000004   Code   RO         1982    .ARM.Collect$$libinit$$00000001  c_w.l(libinit2.o)
    0x08000202   0x08000202   0x00000000   Code   RO         1985    .ARM.Collect$$libinit$$00000004  c_w.l(libinit2.o)
    0x08000202   0x08000202   0x00000000   Code   RO         1988    .ARM.Collect$$libinit$$0000000A  c_w.l(libinit2.o)
    0x08000202   0x08000202   0x00000000   Code   RO         1990    .ARM.Collect$$libinit$$0000000C  c_w.l(libinit2.o)
    0x08000202   0x08000202   0x00000000   Code   RO         1992    .ARM.Collect$$libinit$$0000000E  c_w.l(libinit2.o)
    0x08000202   0x08000202   0x00000000   Code   RO         1995    .ARM.Collect$$libinit$$00000011  c_w.l(libinit2.o)
    0x08000202   0x08000202   0x00000000   Code   RO         1997    .ARM.Collect$$libinit$$00000013  c_w.l(libinit2.o)
    0x08000202   0x08000202   0x00000000   Code   RO         1999    .ARM.Collect$$libinit$$00000015  c_w.l(libinit2.o)
    0x08000202   0x08000202   0x00000000   Code   RO         2001    .ARM.Collect$$libinit$$00000017  c_w.l(libinit2.o)
    0x08000202   0x08000202   0x00000000   Code   RO         2003    .ARM.Collect$$libinit$$00000019  c_w.l(libinit2.o)
    0x08000202   0x08000202   0x00000000   Code   RO         2005    .ARM.Collect$$libinit$$0000001B  c_w.l(libinit2.o)
    0x08000202   0x08000202   0x00000000   Code   RO         2007    .ARM.Collect$$libinit$$0000001D  c_w.l(libinit2.o)
    0x08000202   0x08000202   0x00000000   Code   RO         2009    .ARM.Collect$$libinit$$0000001F  c_w.l(libinit2.o)
    0x08000202   0x08000202   0x00000000   Code   RO         2011    .ARM.Collect$$libinit$$00000021  c_w.l(libinit2.o)
    0x08000202   0x08000202   0x00000000   Code   RO         2013    .ARM.Collect$$libinit$$00000023  c_w.l(libinit2.o)
    0x08000202   0x08000202   0x00000000   Code   RO         2015    .ARM.Collect$$libinit$$00000025  c_w.l(libinit2.o)
    0x08000202   0x08000202   0x00000000   Code   RO         2019    .ARM.Collect$$libinit$$0000002C  c_w.l(libinit2.o)
    0x08000202   0x08000202   0x00000000   Code   RO         2021    .ARM.Collect$$libinit$$0000002E  c_w.l(libinit2.o)
    0x08000202   0x08000202   0x00000000   Code   RO         2023    .ARM.Collect$$libinit$$00000030  c_w.l(libinit2.o)
    0x08000202   0x08000202   0x00000000   Code   RO         2025    .ARM.Collect$$libinit$$00000032  c_w.l(libinit2.o)
    0x08000202   0x08000202   0x00000002   Code   RO         2026    .ARM.Collect$$libinit$$00000033  c_w.l(libinit2.o)
    0x08000204   0x08000204   0x00000002   Code   RO         2061    .ARM.Collect$$libshutdown$$00000000  c_w.l(libshutdown.o)
    0x08000206   0x08000206   0x00000000   Code   RO         2089    .ARM.Collect$$libshutdown$$00000002  c_w.l(libshutdown2.o)
    0x08000206   0x08000206   0x00000000   Code   RO         2091    .ARM.Collect$$libshutdown$$00000004  c_w.l(libshutdown2.o)
    0x08000206   0x08000206   0x00000000   Code   RO         2094    .ARM.Collect$$libshutdown$$00000007  c_w.l(libshutdown2.o)
    0x08000206   0x08000206   0x00000000   Code   RO         2097    .ARM.Collect$$libshutdown$$0000000A  c_w.l(libshutdown2.o)
    0x08000206   0x08000206   0x00000000   Code   RO         2099    .ARM.Collect$$libshutdown$$0000000C  c_w.l(libshutdown2.o)
    0x08000206   0x08000206   0x00000000   Code   RO         2102    .ARM.Collect$$libshutdown$$0000000F  c_w.l(libshutdown2.o)
    0x08000206   0x08000206   0x00000002   Code   RO         2103    .ARM.Collect$$libshutdown$$00000010  c_w.l(libshutdown2.o)
    0x08000208   0x08000208   0x00000000   Code   RO         1893    .ARM.Collect$$rtentry$$00000000  c_w.l(__rtentry.o)
    0x08000208   0x08000208   0x00000000   Code   RO         1934    .ARM.Collect$$rtentry$$00000002  c_w.l(__rtentry2.o)
    0x08000208   0x08000208   0x00000006   Code   RO         1946    .ARM.Collect$$rtentry$$00000004  c_w.l(__rtentry4.o)
    0x0800020e   0x0800020e   0x00000000   Code   RO         1936    .ARM.Collect$$rtentry$$00000009  c_w.l(__rtentry2.o)
    0x0800020e   0x0800020e   0x00000004   Code   RO         1937    .ARM.Collect$$rtentry$$0000000A  c_w.l(__rtentry2.o)
    0x08000212   0x08000212   0x00000000   Code   RO         1939    .ARM.Collect$$rtentry$$0000000C  c_w.l(__rtentry2.o)
    0x08000212   0x08000212   0x00000008   Code   RO         1940    .ARM.Collect$$rtentry$$0000000D  c_w.l(__rtentry2.o)
    0x0800021a   0x0800021a   0x00000002   Code   RO         1974    .ARM.Collect$$rtexit$$00000000  c_w.l(rtexit.o)
    0x0800021c   0x0800021c   0x00000000   Code   RO         2032    .ARM.Collect$$rtexit$$00000002  c_w.l(rtexit2.o)
    0x0800021c   0x0800021c   0x00000004   Code   RO         2033    .ARM.Collect$$rtexit$$00000003  c_w.l(rtexit2.o)
    0x08000220   0x08000220   0x00000006   Code   RO         2034    .ARM.Collect$$rtexit$$00000004  c_w.l(rtexit2.o)
    0x08000226   0x08000226   0x00000002   PAD
    0x08000228   0x08000228   0x00000040   Code   RO            4    .text               startup_stm32f407xx.o
    0x08000268   0x08000268   0x000000f0   Code   RO         1825    .text               c_w.l(lludivv7m.o)
    0x08000358   0x08000358   0x00000044   Code   RO         1837    .text               c_w.l(rt_memclr.o)
    0x0800039c   0x0800039c   0x0000004e   Code   RO         1839    .text               c_w.l(rt_memclr_w.o)
    0x080003ea   0x080003ea   0x00000006   Code   RO         1841    .text               c_w.l(heapauxi.o)
    0x080003f0   0x080003f0   0x00000016   Code   RO         1898    .text               c_w.l(_rserrno.o)
    0x08000406   0x08000406   0x00000002   PAD
    0x08000408   0x08000408   0x00000008   Code   RO         1953    .text               c_w.l(rt_errno_addr_intlibspace.o)
    0x08000410   0x08000410   0x00000008   Code   RO         1957    .text               c_w.l(libspace.o)
    0x08000418   0x08000418   0x0000004a   Code   RO         1960    .text               c_w.l(sys_stackheap_outer.o)
    0x08000462   0x08000462   0x00000012   Code   RO         1962    .text               c_w.l(exit.o)
    0x08000474   0x08000474   0x0000000c   Code   RO         2027    .text               c_w.l(sys_exit.o)
    0x08000480   0x08000480   0x00000002   Code   RO         2050    .text               c_w.l(use_no_semi.o)
    0x08000482   0x08000482   0x00000000   Code   RO         2052    .text               c_w.l(indicate_semi.o)
    0x08000482   0x08000482   0x00000066   Code   RO          144    .text.ADC_DMAConvCplt  stm32f4xx_hal_adc.o
    0x080004e8   0x080004e8   0x00000012   Code   RO          148    .text.ADC_DMAError  stm32f4xx_hal_adc.o
    0x080004fa   0x080004fa   0x00000006   Code   RO          146    .text.ADC_DMAHalfConvCplt  stm32f4xx_hal_adc.o
    0x08000500   0x08000500   0x0000000c   Code   RO           87    .text.ADC_IRQHandler  stm32f4xx_it.o
    0x0800050c   0x0800050c   0x00000002   Code   RO           73    .text.BusFault_Handler  stm32f4xx_it.o
    0x0800050e   0x0800050e   0x00000002   PAD
    0x08000510   0x08000510   0x0000000c   Code   RO           89    .text.DMA2_Stream0_IRQHandler  stm32f4xx_it.o
    0x0800051c   0x0800051c   0x00000034   Code   RO          380    .text.DMA_CalcBaseAndBitshift  stm32f4xx_hal_dma.o
    0x08000550   0x08000550   0x00000022   Code   RO          386    .text.DMA_SetConfig  stm32f4xx_hal_dma.o
    0x08000572   0x08000572   0x00000002   Code   RO           79    .text.DebugMon_Handler  stm32f4xx_it.o
    0x08000574   0x08000574   0x00000006   Code   RO           85    .text.EXTI4_IRQHandler  stm32f4xx_it.o
    0x0800057a   0x0800057a   0x00000002   Code   RO           23    .text.Error_Handler  main.o
    0x0800057c   0x0800057c   0x00000002   Code   RO          197    .text.HAL_ADCEx_InjectedConvCpltCallback  stm32f4xx_hal_adc_ex.o
    0x0800057e   0x0800057e   0x00000002   PAD
    0x08000580   0x08000580   0x000000ec   Code   RO          156    .text.HAL_ADC_ConfigChannel  stm32f4xx_hal_adc.o
    0x0800066c   0x0800066c   0x000002d4   Code   RO           21    .text.HAL_ADC_ConvCpltCallback  main.o
    0x08000940   0x08000940   0x000002f0   Code   RO           19    .text.HAL_ADC_ConvHalfCpltCallback  main.o
    0x08000c30   0x08000c30   0x00000002   Code   RO          140    .text.HAL_ADC_ErrorCallback  stm32f4xx_hal_adc.o
    0x08000c32   0x08000c32   0x0000013a   Code   RO          134    .text.HAL_ADC_IRQHandler  stm32f4xx_hal_adc.o
    0x08000d6c   0x08000d6c   0x00000144   Code   RO          114    .text.HAL_ADC_Init  stm32f4xx_hal_adc.o
    0x08000eb0   0x08000eb0   0x00000002   Code   RO          138    .text.HAL_ADC_LevelOutOfWindowCallback  stm32f4xx_hal_adc.o
    0x08000eb2   0x08000eb2   0x00000002   PAD
    0x08000eb4   0x08000eb4   0x000000a8   Code   RO          101    .text.HAL_ADC_MspInit  stm32f4xx_hal_msp.o
    0x08000f5c   0x08000f5c   0x00000120   Code   RO          142    .text.HAL_ADC_Start_DMA  stm32f4xx_hal_adc.o
    0x0800107c   0x0800107c   0x00000170   Code   RO          396    .text.HAL_DMA_IRQHandler  stm32f4xx_hal_dma.o
    0x080011ec   0x080011ec   0x00000118   Code   RO          378    .text.HAL_DMA_Init  stm32f4xx_hal_dma.o
    0x08001304   0x08001304   0x00000062   Code   RO          388    .text.HAL_DMA_Start_IT  stm32f4xx_hal_dma.o
    0x08001366   0x08001366   0x00000002   Code   RO          352    .text.HAL_GPIO_EXTI_Callback  stm32f4xx_hal_gpio_1.o
    0x08001368   0x08001368   0x00000014   Code   RO          350    .text.HAL_GPIO_EXTI_IRQHandler  stm32f4xx_hal_gpio_1.o
    0x0800137c   0x0800137c   0x0000019c   Code   RO          338    .text.HAL_GPIO_Init  stm32f4xx_hal_gpio_1.o
    0x08001518   0x08001518   0x0000000a   Code   RO          344    .text.HAL_GPIO_WritePin  stm32f4xx_hal_gpio_1.o
    0x08001522   0x08001522   0x00000002   PAD
    0x08001524   0x08001524   0x00000008   Code   RO          540    .text.HAL_GetTick   stm32f4xx_hal_1.o
    0x0800152c   0x0800152c   0x00000014   Code   RO          538    .text.HAL_IncTick   stm32f4xx_hal_1.o
    0x08001540   0x08001540   0x00000034   Code   RO          528    .text.HAL_Init      stm32f4xx_hal_1.o
    0x08001574   0x08001574   0x0000003c   Code   RO          530    .text.HAL_InitTick  stm32f4xx_hal_1.o
    0x080015b0   0x080015b0   0x0000003c   Code   RO           99    .text.HAL_MspInit   stm32f4xx_hal_msp.o
    0x080015ec   0x080015ec   0x0000001c   Code   RO          485    .text.HAL_NVIC_EnableIRQ  stm32f4xx_hal_cortex_1.o
    0x08001608   0x08001608   0x00000038   Code   RO          481    .text.HAL_NVIC_SetPriority  stm32f4xx_hal_cortex_1.o
    0x08001640   0x08001640   0x00000020   Code   RO          479    .text.HAL_NVIC_SetPriorityGrouping  stm32f4xx_hal_cortex_1.o
    0x08001660   0x08001660   0x0000012c   Code   RO          216    .text.HAL_RCC_ClockConfig  stm32f4xx_hal_rcc_1.o
    0x0800178c   0x0800178c   0x0000005c   Code   RO          218    .text.HAL_RCC_GetSysClockFreq  stm32f4xx_hal_rcc_1.o
    0x080017e8   0x080017e8   0x00000310   Code   RO          214    .text.HAL_RCC_OscConfig  stm32f4xx_hal_rcc_1.o
    0x08001af8   0x08001af8   0x00000028   Code   RO          493    .text.HAL_SYSTICK_Config  stm32f4xx_hal_cortex_1.o
    0x08001b20   0x08001b20   0x00000002   Code   RO           69    .text.HardFault_Handler  stm32f4xx_it.o
    0x08001b22   0x08001b22   0x00000002   Code   RO           71    .text.MemManage_Handler  stm32f4xx_it.o
    0x08001b24   0x08001b24   0x00000002   Code   RO           67    .text.NMI_Handler   stm32f4xx_it.o
    0x08001b26   0x08001b26   0x00000002   Code   RO           81    .text.PendSV_Handler  stm32f4xx_it.o
    0x08001b28   0x08001b28   0x00000002   Code   RO           77    .text.SVC_Handler   stm32f4xx_it.o
    0x08001b2a   0x08001b2a   0x00000004   Code   RO           83    .text.SysTick_Handler  stm32f4xx_it.o
    0x08001b2e   0x08001b2e   0x00000002   PAD
    0x08001b30   0x08001b30   0x00000088   Code   RO           17    .text.SystemClock_Config  main.o
    0x08001bb8   0x08001bb8   0x0000001c   Code   RO          622    .text.SystemInit    system_stm32f4xx.o
    0x08001bd4   0x08001bd4   0x00000002   Code   RO           75    .text.UsageFault_Handler  stm32f4xx_it.o
    0x08001bd6   0x08001bd6   0x00000002   PAD
    0x08001bd8   0x08001bd8   0x00000024   Code   RO          483    .text.__NVIC_SetPriority  stm32f4xx_hal_cortex_1.o
    0x08001bfc   0x08001bfc   0x00000034   Code   RO         1340    .text.arm_bitreversal_32  transformfunctions.o
    0x08001c30   0x08001c30   0x000000c0   Code   RO         1350    .text.arm_cfft_f32  transformfunctions.o
    0x08001cf0   0x08001cf0   0x00000186   Code   RO         1344    .text.arm_cfft_radix8by2_f32  transformfunctions.o
    0x08001e76   0x08001e76   0x00000002   PAD
    0x08001e78   0x08001e78   0x000003c4   Code   RO         1348    .text.arm_cfft_radix8by4_f32  transformfunctions.o
    0x0800223c   0x0800223c   0x00000050   Code   RO          877    .text.arm_cmplx_mag_f32  complexmathfunctions.o
    0x0800228c   0x0800228c   0x00000196   Code   RO         1577    .text.arm_convolve_HWC_q7_basic_nonsquare  arm_convolve_hwc_q7_basic_nonsquare.o
    0x08002422   0x08002422   0x00000440   Code   RO         1599    .text.arm_convolve_HWC_q7_fast_nonsquare  arm_convolve_hwc_q7_fast_nonsquare.o
    0x08002862   0x08002862   0x0000016e   Code   RO         1709    .text.arm_fully_connected_q7  arm_fully_connected_q7.o
    0x080029d0   0x080029d0   0x00000008   Code   RO         1179    .text.arm_mat_init_f32  matrixfunctions.o
    0x080029d8   0x080029d8   0x00000026   Code   RO         1211    .text.arm_mat_trans_f32  matrixfunctions.o
    0x080029fe   0x080029fe   0x000000fe   Code   RO           11    .text.arm_max       main.o
    0x08002afc   0x08002afc   0x0000022c   Code   RO         1643    .text.arm_nn_mat_mult_kernel_q7_q15  arm_nn_mat_mult_kernel_q7_q15.o
    0x08002d28   0x08002d28   0x0000014e   Code   RO         1654    .text.arm_nn_mat_mult_kernel_q7_q15_reordered  arm_nn_mat_mult_kernel_q7_q15_reordered.o
    0x08002e76   0x08002e76   0x0000003a   Code   RO         1765    .text.arm_q7_to_q15_no_shift  arm_q7_to_q15_no_shift.o
    0x08002eb0   0x08002eb0   0x00000032   Code   RO         1775    .text.arm_q7_to_q15_reordered_no_shift  arm_q7_to_q15_reordered_no_shift.o
    0x08002ee2   0x08002ee2   0x00000002   PAD
    0x08002ee4   0x08002ee4   0x00000566   Code   RO         1346    .text.arm_radix8_butterfly_f32  transformfunctions.o
    0x0800344a   0x0800344a   0x0000003e   Code   RO         1512    .text.arm_relu_q7   arm_relu_q7.o
    0x08003488   0x08003488   0x00000038   Code   RO         1456    .text.arm_rfft_1024_fast_init_f32  transformfunctions.o
    0x080034c0   0x080034c0   0x00000038   Code   RO         1458    .text.arm_rfft_2048_fast_init_f32  transformfunctions.o
    0x080034f8   0x080034f8   0x00000034   Code   RO         1452    .text.arm_rfft_256_fast_init_f32  transformfunctions.o
    0x0800352c   0x0800352c   0x00000030   Code   RO         1446    .text.arm_rfft_32_fast_init_f32  transformfunctions.o
    0x0800355c   0x0800355c   0x00000038   Code   RO         1460    .text.arm_rfft_4096_fast_init_f32  transformfunctions.o
    0x08003594   0x08003594   0x00000038   Code   RO         1454    .text.arm_rfft_512_fast_init_f32  transformfunctions.o
    0x080035cc   0x080035cc   0x00000030   Code   RO         1448    .text.arm_rfft_64_fast_init_f32  transformfunctions.o
    0x080035fc   0x080035fc   0x00000048   Code   RO         1444    .text.arm_rfft_fast_f32  transformfunctions.o
    0x08003644   0x08003644   0x00000064   Code   RO         1462    .text.arm_rfft_fast_init_f32  transformfunctions.o
    0x080036a8   0x080036a8   0x00000188   Code   RO           13    .text.buffer_cr     main.o
    0x08003830   0x08003830   0x00000144   Code   RO           15    .text.main          main.o
    0x08003974   0x08003974   0x00000090   Code   RO         1442    .text.merge_rfft_f32  transformfunctions.o
    0x08003a04   0x08003a04   0x00000096   Code   RO         1440    .text.stage_rfft_f32  transformfunctions.o
    0x08003a9a   0x08003a9a   0x00000002   PAD
    0x08003a9c   0x08003a9c   0x00000180   Code   RO         1863    i.__hardfp_log10f   m_wm.l(log10f.o)
    0x08003c1c   0x08003c1c   0x0000009a   Code   RO         1889    i.__hardfp_roundf   m_wm.l(roundf.o)
    0x08003cb6   0x08003cb6   0x0000003a   Code   RO         1877    i.__hardfp_sqrtf    m_wm.l(sqrtf.o)
    0x08003cf0   0x08003cf0   0x00000014   Code   RO         1919    i.__mathlib_flt_divzero  m_wm.l(funder.o)
    0x08003d04   0x08003d04   0x00000006   Code   RO         1920    i.__mathlib_flt_infnan  m_wm.l(funder.o)
    0x08003d0a   0x08003d0a   0x00000002   PAD
    0x08003d0c   0x08003d0c   0x00000010   Code   RO         1922    i.__mathlib_flt_invalid  m_wm.l(funder.o)
    0x08003d1c   0x08003d1c   0x0000008c   Code   RO         1914    x$fpl$fnaninf       fz_wm.l(fnaninf.o)
    0x08003da8   0x08003da8   0x0000001a   Code   RO         2044    x$fpl$fpinit        fz_wm.l(fpinit.o)
    0x08003dc2   0x08003dc2   0x00000002   PAD
    0x08003dc4   0x08003dc4   0x00000060   Code   RO         1916    x$fpl$frnd          fz_wm.l(frnd.o)
    0x08003e24   0x08003e24   0x00000000   Code   RO         1918    x$fpl$usenofp       fz_wm.l(usenofp.o)
    0x08003e24   0x08003e24   0x00000040   Data   RO         1866    .constdata          m_wm.l(log10f.o)
    0x08003e64   0x08003e64   0x00000010   Data   RO          627    .rodata.AHBPrescTable  system_stm32f4xx.o
    0x08003e74   0x08003e74   0x0000006c   Data   RO           26    .rodata.W_1         main.o
    0x08003ee0   0x08003ee0   0x00000a20   Data   RO           29    .rodata.W_2         main.o
    0x08004900   0x08004900   0x00002880   Data   RO           31    .rodata.W_3         main.o
    0x08007180   0x08007180   0x00000e10   Data   RO          751    .rodata.armBitRevIndexTable1024  commontables.o
    0x08007f90   0x08007f90   0x000001a0   Data   RO          748    .rodata.armBitRevIndexTable128  commontables.o
    0x08008130   0x08008130   0x00000028   Data   RO          745    .rodata.armBitRevIndexTable16  commontables.o
    0x08008158   0x08008158   0x00001dc0   Data   RO          752    .rodata.armBitRevIndexTable2048  commontables.o
    0x08009f18   0x08009f18   0x00000370   Data   RO          749    .rodata.armBitRevIndexTable256  commontables.o
    0x0800a288   0x0800a288   0x00000060   Data   RO          746    .rodata.armBitRevIndexTable32  commontables.o
    0x0800a2e8   0x0800a2e8   0x00000380   Data   RO          750    .rodata.armBitRevIndexTable512  commontables.o
    0x0800a668   0x0800a668   0x0000000c   Data   RO           25    .rodata.b_1         main.o
    0x0800a674   0x0800a674   0x00000018   Data   RO           30    .rodata.b_2         main.o
    0x0800a68c   0x0800a68c   0x00000030   Data   RO           32    .rodata.b_3         main.o
    0x0800a6bc   0x0800a6bc   0x0000000c   Data   RO           34    .rodata.bf_1        main.o
    0x0800a6c8   0x0800a6c8   0x00001380   Data   RO           27    .rodata.mean        main.o
    0x0800ba48   0x0800ba48   0x00002000   Data   RO          724    .rodata.twiddleCoef_1024  commontables.o
    0x0800da48   0x0800da48   0x00000400   Data   RO          721    .rodata.twiddleCoef_128  commontables.o
    0x0800de48   0x0800de48   0x00000080   Data   RO          718    .rodata.twiddleCoef_16  commontables.o
    0x0800dec8   0x0800dec8   0x00004000   Data   RO          725    .rodata.twiddleCoef_2048  commontables.o
    0x08011ec8   0x08011ec8   0x00000800   Data   RO          722    .rodata.twiddleCoef_256  commontables.o
    0x080126c8   0x080126c8   0x00000100   Data   RO          719    .rodata.twiddleCoef_32  commontables.o
    0x080127c8   0x080127c8   0x00001000   Data   RO          723    .rodata.twiddleCoef_512  commontables.o
    0x080137c8   0x080137c8   0x00001000   Data   RO          768    .rodata.twiddleCoef_rfft_1024  commontables.o
    0x080147c8   0x080147c8   0x00002000   Data   RO          769    .rodata.twiddleCoef_rfft_2048  commontables.o
    0x080167c8   0x080167c8   0x00000400   Data   RO          766    .rodata.twiddleCoef_rfft_256  commontables.o
    0x08016bc8   0x08016bc8   0x00000080   Data   RO          763    .rodata.twiddleCoef_rfft_32  commontables.o
    0x08016c48   0x08016c48   0x00004000   Data   RO          770    .rodata.twiddleCoef_rfft_4096  commontables.o
    0x0801ac48   0x0801ac48   0x00000800   Data   RO          767    .rodata.twiddleCoef_rfft_512  commontables.o
    0x0801b448   0x0801b448   0x00000100   Data   RO          764    .rodata.twiddleCoef_rfft_64  commontables.o
    0x0801b548   0x0801b548   0x0000000c   Data   RO           28    .rodata.val         main.o
    0x0801b554   0x0801b554   0x00006c00   Data   RO           33    .rodata.wf_1        main.o
    0x08022154   0x08022154   0x00000030   Data   RO         2105    Region$$Table       anon$$obj.o


    Execution Region RW_IRAM2 (Exec base: 0x10000000, Load base: 0x080221a8, Size: 0x00008388, Max: 0x00010000, ABSOLUTE)

    Exec Addr    Load Addr    Size         Type   Attr      Idx    E Section Name        Object

    0x10000000        -       0x00003a80   Zero   RW           46    .bss.CONV1_OUT      main.o
    0x10003a80        -       0x00000780   Zero   RW           50    .bss.CONV2_MAX_OUT  main.o
    0x10004200        -       0x00000f00   Zero   RW           51    .bss.CONV3_OUT      main.o
    0x10005100        -       0x000004e0   Zero   RW           45    .bss.data           main.o
    0x100055e0        -       0x00000048   Zero   RW           43    .bss.hadc1          main.o
    0x10005628        -       0x00000060   Zero   RW           54    .bss.hdma_adc1      main.o
    0x10005688        -       0x00001380   Zero   RW           41    .bss.specP          main.o
    0x10006a08        -       0x00001380   Zero   RW           42    .bss.specPT         main.o
    0x10007d88        -       0x00000200   Zero   RW           40    .bss.testMag2       main.o
    0x10007f88        -       0x00000400   Zero   RW           38    .bss.testOutput2    main.o


    Execution Region RW_IRAM1 (Exec base: 0x20000000, Load base: 0x08022188, Size: 0x00018378, Max: 0x00020000, ABSOLUTE)

    Exec Addr    Load Addr    Size         Type   Attr      Idx    E Section Name        Object

    0x20000000   0x08022188   0x0000000c   Data   RW           56    .data..L_MergedGlobals  main.o
    0x2000000c   0x08022194   0x00000008   Data   RW          583    .data..L_MergedGlobals  stm32f4xx_hal_1.o
    0x20000014   0x0802219c   0x00000004   Data   RW          626    .data.SystemCoreClock  system_stm32f4xx.o
    0x20000018   0x080221a0   0x00000004   Data   RW           35    .data.fftSize       main.o
    0x2000001c   0x080221a4   0x00000004   PAD
    0x20000020        -       0x00000060   Zero   RW         1958    .bss                c_w.l(libspace.o)
    0x20000080        -       0x00000064   Zero   RW           57    .bss..L_MergedGlobals.1  main.o
    0x200000e4        -       0x00000f00   Zero   RW           48    .bss.CONV1_MAX_OUT  main.o
    0x20000fe4        -       0x00001e00   Zero   RW           49    .bss.CONV2_OUT      main.o
    0x20002de4        -       0x00000900   Zero   RW           52    .bss.CONV3_MAX_OUT  main.o
    0x200036e4        -       0x00007d00   Zero   RW           36    .bss.XTest          main.o
    0x2000b3e4        -       0x00001200   Zero   RW           53    .bss.buffer3        main.o
    0x2000c5e4        -       0x00002710   Zero   RW           47    .bss.col_buffer1    main.o
    0x2000ecf4        -       0x00003e80   Zero   RW           44    .bss.sdata          main.o
    0x20012b74        -       0x00004e00   Zero   RW           39    .bss.spec           main.o
    0x20017974        -       0x00000004   Zero   RW          582    .bss.uwTick         stm32f4xx_hal_1.o
    0x20017978        -       0x00000400   Zero   RW           37    .bss.x              main.o
    0x20017d78        -       0x00000200   Zero   RW            2    HEAP                startup_stm32f407xx.o
    0x20017f78        -       0x00000400   Zero   RW            1    STACK               startup_stm32f407xx.o


==============================================================================

Image component sizes


      Code (inc. data)   RO Data    RW Data    ZI Data      Debug   Object Name

       406          0          0          0          0       4573   arm_convolve_hwc_q7_basic_nonsquare.o
      1088          0          0          0          0       5571   arm_convolve_hwc_q7_fast_nonsquare.o
       366          0          0          0          0       5680   arm_fully_connected_q7.o
       556          0          0          0          0       6954   arm_nn_mat_mult_kernel_q7_q15.o
       334          0          0          0          0       5062   arm_nn_mat_mult_kernel_q7_q15_reordered.o
        58          0          0          0          0       1938   arm_q7_to_q15_no_shift.o
        50          0          0          0          0       1885   arm_q7_to_q15_reordered_no_shift.o
        62          0          0          0          0       1754   arm_relu_q7.o
         0          0      77800          0          0       8324   commontables.o
        80          0          0          0          0       9918   complexmathfunctions.o
      2584        264      45816         16     131196      13496   main.o
        46          0          0          0          0      29312   matrixfunctions.o
        64         26        392          0       1536        816   startup_stm32f407xx.o
       140         12          0          8          4       7312   stm32f4xx_hal_1.o
      1292         56          0          0          0       9924   stm32f4xx_hal_adc.o
         2          0          0          0          0       8288   stm32f4xx_hal_adc_ex.o
       192         28          0          0          0       9904   stm32f4xx_hal_cortex_1.o
       832         20          0          0          0       8474   stm32f4xx_hal_dma.o
       444         28          0          0          0       4964   stm32f4xx_hal_gpio_1.o
       228         16          0          0          0       6635   stm32f4xx_hal_msp.o
      1176         36          0          0          0       7201   stm32f4xx_hal_rcc_1.o
        50          8          0          0          0       1369   stm32f4xx_it.o
        28          4         16          4          0       2541   system_stm32f4xx.o
      3818        120          0          0          0      89599   transformfunctions.o

    ----------------------------------------------------------------------
     13914        618     124072         28     132740     251494   Object Totals
         0          0         48          0          0          0   (incl. Generated)
        18          0          0          0          4          0   (incl. Padding)

    ----------------------------------------------------------------------

      Code (inc. data)   RO Data    RW Data    ZI Data      Debug   Library Member Name

         8          0          0          0          0         68   __main.o
         0          0          0          0          0          0   __rtentry.o
        12          0          0          0          0          0   __rtentry2.o
         6          0          0          0          0          0   __rtentry4.o
        52          8          0          0          0          0   __scatter.o
        26          0          0          0          0          0   __scatter_copy.o
        28          0          0          0          0          0   __scatter_zi.o
        22          0          0          0          0        100   _rserrno.o
        18          0          0          0          0         80   exit.o
         6          0          0          0          0        152   heapauxi.o
         0          0          0          0          0          0   indicate_semi.o
         2          0          0          0          0          0   libinit.o
         6          0          0          0          0          0   libinit2.o
         2          0          0          0          0          0   libshutdown.o
         2          0          0          0          0          0   libshutdown2.o
         8          4          0          0         96         68   libspace.o
       240          0          0          0          0        100   lludivv7m.o
         8          4          0          0          0         68   rt_errno_addr_intlibspace.o
        68          0          0          0          0         68   rt_memclr.o
        78          0          0          0          0         80   rt_memclr_w.o
         2          0          0          0          0          0   rtexit.o
        10          0          0          0          0          0   rtexit2.o
        12          4          0          0          0         68   sys_exit.o
        74          0          0          0          0         80   sys_stackheap_outer.o
         2          0          0          0          0         68   use_no_semi.o
       140          4          0          0          0        132   fnaninf.o
        26          0          0          0          0        116   fpinit.o
        96          4          0          0          0        124   frnd.o
         0          0          0          0          0          0   usenofp.o
        42         12          0          0          0        348   funder.o
       384         52         64          0          0        140   log10f.o
       154          0          0          0          0        140   roundf.o
        58          0          0          0          0        136   sqrtf.o

    ----------------------------------------------------------------------
      1602         92         64          0         96       2136   Library Totals
        10          0          0          0          0          0   (incl. Padding)

    ----------------------------------------------------------------------

      Code (inc. data)   RO Data    RW Data    ZI Data      Debug   Library Name

       692         20          0          0         96       1000   c_w.l
       262          8          0          0          0        372   fz_wm.l
       638         64         64          0          0        764   m_wm.l

    ----------------------------------------------------------------------
      1602         92         64          0         96       2136   Library Totals

    ----------------------------------------------------------------------

==============================================================================


      Code (inc. data)   RO Data    RW Data    ZI Data      Debug   

     15516        710     124136         28     132836     252178   Grand Totals
     15516        710     124136         28     132836     252178   ELF Image Totals
     15516        710     124136         28          0          0   ROM Totals

==============================================================================

    Total RO  Size (Code + RO Data)               139652 ( 136.38kB)
    Total RW  Size (RW Data + ZI Data)            132864 ( 129.75kB)
    Total ROM Size (Code + RO Data + RW Data)     139680 ( 136.41kB)

==============================================================================

